===========================================================================
         ________    _________   _______       __     _________            
        |        |\ |        |\ |       \\    |  |\  /         \\          
        |    ____|| |    ____|| |    __  ||   |__|| |    ___    ||         
        |   |\___\| |   |\___\| |   |\_| ||    \_\| |   //  \   ||         
        |   ||__    |   ||__    |   ||_| ||   |  |\ |  ||    |  ||         
        |       |\  |       |\  |         \\  |  || |  ||    |  ||         
        |    ___||  |    ___||  |    ___   || |  || |  ||    |  ||         
        |   |\__\|  |   |\__\|  |   |\__|  || |  || |  ||    |  ||         
        |   ||      |   ||___   |   ||__|  || |  || |   \\__/   ||         
        |   ||      |        |\ |          || |  || |           ||         
        |___||      |________|| |_________//  |__||  \_________//          
                                                                           
      F I N I T E   E L E M E N T S   F O R   B I O M E C H A N I C S      
                                                                           
  version 4.12.0
  FEBio is a registered trademark.                                         
  copyright (c) 2006-2026 - All rights reserved                            
                                                                           
===========================================================================





 FILES USED
===========================================================================
	Input file : sim_002.feb
	Plot file  : sim_002.xplt
	Log file   : sim_002.log


 MESH INFO
===========================================================================
	Number of materials ............................ : 1
	Number of domains .............................. : 1
	Number of nodes ................................ : 634
	Number of solid elements ....................... : 2516


 MODULE
===========================================================================
	Module type ....................................... : solid


 CONTROL DATA
===========================================================================
	analysis .......................................... : DYNAMIC (1)
	time_steps ........................................ : 50
	step_size ......................................... : 0.1
	plot_zero_state ................................... : no (0)
	plot_range ........................................ : 0,-1
	plot_level ........................................ : PLOT_MAJOR_ITRS (1)
	output_level ...................................... : OUTPUT_MAJOR_ITRS (1)
	plot_stride ....................................... : 1
	output_stride ..................................... : 1
	adaptor_re_solve .................................. : yes (1)
	Auto time stepper activated ....................... : no
 SOLVER PARAMETERS
===========================================================================
	symmetric_stiffness ............................... : symmetric (1)
	equation_scheme ................................... : staggered (0)
	equation_order .................................... : default (0)
	optimize_bw ....................................... : no (0)
	lstol ............................................. : 0.9
	lsmin ............................................. : 0.01
	lsiter ............................................ : 5
	ls_check_jacobians ................................ : no (0)
	max_refs .......................................... : 15
	check_zero_diagonal ............................... : no (0)
	zero_diagonal_tol ................................. : 0
	force_partition ................................... : 0
	reform_each_time_step ............................. : yes (1)
	reform_augment .................................... : no (0)
	diverge_reform .................................... : yes (1)
	min_residual ...................................... : 1e-20
	max_residual ...................................... : 0
	dtol .............................................. : 0.001
	etol .............................................. : 0.01
	rtol .............................................. : 0
	rhoi .............................................. : -2
	alpha ............................................. : 1
	beta .............................................. : 0.25
	gamma ............................................. : 0.5
	logSolve .......................................... : no (0)
	arc_length ........................................ : 0
	arc_length_scale .................................. : 0






 MATERIAL DATA
===========================================================================
  1 - Material1 (type: trans iso Mooney-Rivlin)
	density ........................................... : 1
	k ................................................. : 100
	pressure_model .................................... : default (0)
	c1 ................................................ : 11.3
	c2 ................................................ : 0
	c3 ................................................ : 2.07
	c4 ................................................ : 61.44
	c5 ................................................ : 640.7
	lam_max ........................................... : 1.03
	fiber: (type: vector)
	  vector .......................................... : 0,0,1
	active_contraction: (type: active_contraction)
	  ascl ............................................ : 0
	  Tmax ............................................ : 1.1
	  ca0 ............................................. : 4.5
	  camax ........................................... : 4.5
	  beta ............................................ : 4.75
	  l0 .............................................. : 1.58
	  refl ............................................ : 2.04


 BOUNDARY CONDITION DATA
===========================================================================
  1 -  Type: zero displacement
	x_dof ............................................. : yes (1)
	y_dof ............................................. : yes (1)
	z_dof ............................................. : yes (1)


 LOAD CONTROLLER DATA
===========================================================================
load controller   1 - LC1 (type: loadcurve)
	interpolate ....................................... : LINEAR (0)
	extend ............................................ : CONSTANT (0)
	points ............................................ : (can't display value)


 OUTPUT DATA
===========================================================================
 LINEAR SOLVER DATA
===========================================================================
	Default linear solver ............................. : pardiso


 *************************************************************************
 * Selecting linear solver pardiso                                       *
 *************************************************************************

===== beginning time step 1 : 0.1 =====


Reforming stiffness matrix: reformation #1

===== reforming stiffness matrix:
	Nr of equations ........................... : 1827
	Nr of nonzeroes in stiffness matrix ....... : 33804
 1
 Nonlinear solution status: time= 0.1
	stiffness updates             = 0
	right hand side evaluations   = 2
	stiffness matrix reformations = 1
	step from line search         = 1.000000
	convergence norms :     INITIAL         CURRENT         REQUIRED
	   residual            1.190198e-01    3.677889e-03    0.000000e+00 
	   energy              8.983686e-04    6.234180e-05    8.983686e-06 
	   displacement        1.273284e-05    1.273284e-05    1.273284e-11 
 2
 Nonlinear solution status: time= 0.1
	stiffness updates             = 1
	right hand side evaluations   = 3
	stiffness matrix reformations = 1
	step from line search         = 1.000000
	convergence norms :     INITIAL         CURRENT         REQUIRED
	   residual            1.190198e-01    1.832156e-04    0.000000e+00 
	   energy              8.983686e-04    2.555893e-06    8.983686e-06 
	   displacement        1.273284e-05    1.510052e-07    1.454030e-11 
 3
 Nonlinear solution status: time= 0.1
	stiffness updates             = 2
	right hand side evaluations   = 4
	stiffness matrix reformations = 1
	step from line search         = 1.000000
	convergence norms :     INITIAL         CURRENT         REQUIRED
	   residual            1.190198e-01    5.330032e-06    0.000000e+00 
	   energy              8.983686e-04    8.233181e-08    8.983686e-06 
	   displacement        1.273284e-05    1.041396e-08    1.464204e-11 
 4
 Nonlinear solution status: time= 0.1
	stiffness updates             = 3
	right hand side evaluations   = 5
	stiffness matrix reformations = 1
	step from line search         = 1.000000
	convergence norms :     INITIAL         CURRENT         REQUIRED
	   residual            1.190198e-01    4.414081e-07    0.000000e+00 
	   energy              8.983686e-04    4.088555e-09    8.983686e-06 
	   displacement        1.273284e-05    3.715484e-10    1.462123e-11 
 5
 Nonlinear solution status: time= 0.1
	stiffness updates             = 4
	right hand side evaluations   = 6
	stiffness matrix reformations = 1
	step from line search         = 1.000000
	convergence norms :     INITIAL         CURRENT         REQUIRED
	   residual            1.190198e-01    2.723017e-08    0.000000e+00 
	   energy              8.983686e-04    4.745751e-11    8.983686e-06 
	   displacement        1.273284e-05    3.026850e-11    1.462059e-11 
 6
 Nonlinear solution status: time= 0.1
	stiffness updates             = 5
	right hand side evaluations   = 7
	stiffness matrix reformations = 1
	step from line search         = 1.000000
	convergence norms :     INITIAL         CURRENT         REQUIRED
	   residual            1.190198e-01    1.638213e-09    0.000000e+00 
	   energy              8.983686e-04    7.769187e-12    8.983686e-06 
	   displacement        1.273284e-05    1.286476e-12    1.462265e-11 

convergence summary
    number of iterations   : 6
    number of reformations : 1

------- converged at time : 0.1


===== beginning time step 2 : 0.2 =====


Reforming stiffness matrix: reformation #1

 1
 Nonlinear solution status: time= 0.2
	stiffness updates             = 0
	right hand side evaluations   = 2
	stiffness matrix reformations = 1
	step from line search         = 1.000000
	convergence norms :     INITIAL         CURRENT         REQUIRED
	   residual            1.859764e+00    5.495688e-04    0.000000e+00 
	   energy              1.392836e-02    4.579182e-06    1.392836e-04 
	   displacement        1.945294e-04    1.945294e-04    1.945294e-10 
 2
 Nonlinear solution status: time= 0.2
	stiffness updates             = 1
	right hand side evaluations   = 3
	stiffness matrix reformations = 1
	step from line search         = 1.000000
	convergence norms :     INITIAL         CURRENT         REQUIRED
	   residual            1.859764e+00    2.247545e-05    0.000000e+00 
	   energy              1.392836e-02    1.770615e-07    1.392836e-04 
	   displacement        1.945294e-04    5.805779e-09    1.945202e-10 
 3
 Nonlinear solution status: time= 0.2
	stiffness updates             = 2
	right hand side evaluations   = 4
	stiffness matrix reformations = 1
	step from line search         = 1.000000
	convergence norms :     INITIAL         CURRENT         REQUIRED
	   residual            1.859764e+00    8.091414e-07    0.000000e+00 
	   energy              1.392836e-02    1.362917e-08    1.392836e-04 
	   displacement        1.945294e-04    5.773506e-10    1.944852e-10 
 4
 Nonlinear solution status: time= 0.2
	stiffness updates             = 3
	right hand side evaluations   = 5
	stiffness matrix reformations = 1
	step from line search         = 1.000000
	convergence norms :     INITIAL         CURRENT         REQUIRED
	   residual            1.859764e+00    3.260809e-08    0.000000e+00 
	   energy              1.392836e-02    5.741523e-10    1.392836e-04 
	   displacement        1.945294e-04    5.187665e-11    1.944865e-10 

convergence summary
    number of iterations   : 4
    number of reformations : 1

------- converged at time : 0.2


===== beginning time step 3 : 0.3 =====


Reforming stiffness matrix: reformation #1

 1
 Nonlinear solution status: time= 0.3
	stiffness updates             = 0
	right hand side evaluations   = 2
	stiffness matrix reformations = 1
	step from line search         = 1.000000
	convergence norms :     INITIAL         CURRENT         REQUIRED
	   residual            1.094729e+01    1.331266e-03    0.000000e+00 
	   energy              6.399991e-02    2.125079e-05    6.399991e-04 
	   displacement        7.707603e-04    7.707603e-04    7.707603e-10 
 2
 Nonlinear solution status: time= 0.3
	stiffness updates             = 1
	right hand side evaluations   = 3
	stiffness matrix reformations = 1
	step from line search         = 1.000000
	convergence norms :     INITIAL         CURRENT         REQUIRED
	   residual            1.094729e+01    4.212188e-05    0.000000e+00 
	   energy              6.399991e-02    2.090203e-07    6.399991e-04 
	   displacement        7.707603e-04    2.259268e-08    7.708858e-10 
 3
 Nonlinear solution status: time= 0.3
	stiffness updates             = 2
	right hand side evaluations   = 4
	stiffness matrix reformations = 1
	step from line search         = 1.000000
	convergence norms :     INITIAL         CURRENT         REQUIRED
	   residual            1.094729e+01    2.422448e-06    0.000000e+00 
	   energy              6.399991e-02    3.656173e-08    6.399991e-04 
	   displacement        7.707603e-04    1.477561e-09    7.708149e-10 
 4
 Nonlinear solution status: time= 0.3
	stiffness updates             = 3
	right hand side evaluations   = 5
	stiffness matrix reformations = 1
	step from line search         = 1.000000
	convergence norms :     INITIAL         CURRENT         REQUIRED
	   residual            1.094729e+01    4.753620e-08    0.000000e+00 
	   energy              6.399991e-02    1.748349e-10    6.399991e-04 
	   displacement        7.707603e-04    7.325905e-11    7.708159e-10 

convergence summary
    number of iterations   : 4
    number of reformations : 1

------- converged at time : 0.3


===== beginning time step 4 : 0.4 =====


Reforming stiffness matrix: reformation #1

 1
 Nonlinear solution status: time= 0.4
	stiffness updates             = 0
	right hand side evaluations   = 2
	stiffness matrix reformations = 1
	step from line search         = 1.000000
	convergence norms :     INITIAL         CURRENT         REQUIRED
	   residual            3.469213e+01    1.115735e-03    0.000000e+00 
	   energy              1.777583e-01    1.484822e-05    1.777583e-03 
	   displacement        1.929848e-03    1.929848e-03    1.929848e-09 
 2
 Nonlinear solution status: time= 0.4
	stiffness updates             = 1
	right hand side evaluations   = 3
	stiffness matrix reformations = 1
	step from line search         = 1.000000
	convergence norms :     INITIAL         CURRENT         REQUIRED
	   residual            3.469213e+01    2.240278e-05    0.000000e+00 
	   energy              1.777583e-01    5.229048e-08    1.777583e-03 
	   displacement        1.929848e-03    1.212276e-08    1.929653e-09 
 3
 Nonlinear solution status: time= 0.4
	stiffness updates             = 2
	right hand side evaluations   = 4
	stiffness matrix reformations = 1
	step from line search         = 1.000000
	convergence norms :     INITIAL         CURRENT         REQUIRED
	   residual            3.469213e+01    1.217669e-06    0.000000e+00 
	   energy              1.777583e-01    2.085420e-08    1.777583e-03 
	   displacement        1.929848e-03    6.514362e-10    1.929553e-09 

convergence summary
    number of iterations   : 3
    number of reformations : 1

------- converged at time : 0.4


===== beginning time step 5 : 0.5 =====


Reforming stiffness matrix: reformation #1

 1
 Nonlinear solution status: time= 0.5
	stiffness updates             = 0
	right hand side evaluations   = 2
	stiffness matrix reformations = 1
	step from line search         = 1.000000
	convergence norms :     INITIAL         CURRENT         REQUIRED
	   residual            8.102302e+01    1.742126e-03    0.000000e+00 
	   energy              3.784489e-01    1.261762e-05    3.784489e-03 
	   displacement        3.771998e-03    3.771998e-03    3.771998e-09 
 2
 Nonlinear solution status: time= 0.5
	stiffness updates             = 1
	right hand side evaluations   = 3
	stiffness matrix reformations = 1
	step from line search         = 1.000000
	convergence norms :     INITIAL         CURRENT         REQUIRED
	   residual            8.102302e+01    2.779282e-05    0.000000e+00 
	   energy              3.784489e-01    3.000837e-08    3.784489e-03 
	   displacement        3.771998e-03    1.432502e-08    3.771714e-09 
 3
 Nonlinear solution status: time= 0.5
	stiffness updates             = 2
	right hand side evaluations   = 4
	stiffness matrix reformations = 1
	step from line search         = 1.000000
	convergence norms :     INITIAL         CURRENT         REQUIRED
	   residual            8.102302e+01    7.652924e-07    0.000000e+00 
	   energy              3.784489e-01    1.082837e-08    3.784489e-03 
	   displacement        3.771998e-03    4.782991e-10    3.771612e-09 

convergence summary
    number of iterations   : 3
    number of reformations : 1

------- converged at time : 0.5


===== beginning time step 6 : 0.6 =====


Reforming stiffness matrix: reformation #1

 1
 Nonlinear solution status: time= 0.6
	stiffness updates             = 0
	right hand side evaluations   = 2
	stiffness matrix reformations = 1
	step from line search         = 1.000000
	convergence norms :     INITIAL         CURRENT         REQUIRED
	   residual            1.603722e+02    3.841078e-03    0.000000e+00 
	   energy              6.945315e-01    2.591827e-05    6.945315e-03 
	   displacement        6.394181e-03    6.394181e-03    6.394181e-09 
 2
 Nonlinear solution status: time= 0.6
	stiffness updates             = 1
	right hand side evaluations   = 3
	stiffness matrix reformations = 1
	step from line search         = 1.000000
	convergence norms :     INITIAL         CURRENT         REQUIRED
	   residual            1.603722e+02    4.284236e-05    0.000000e+00 
	   energy              6.945315e-01    1.499082e-07    6.945315e-03 
	   displacement        6.394181e-03    2.655845e-08    6.393979e-09 
 3
 Nonlinear solution status: time= 0.6
	stiffness updates             = 2
	right hand side evaluations   = 4
	stiffness matrix reformations = 1
	step from line search         = 1.000000
	convergence norms :     INITIAL         CURRENT         REQUIRED
	   residual            1.603722e+02    3.300985e-07    0.000000e+00 
	   energy              6.945315e-01    2.130347e-09    6.945315e-03 
	   displacement        6.394181e-03    3.680596e-10    6.393865e-09 

convergence summary
    number of iterations   : 3
    number of reformations : 1

------- converged at time : 0.6


===== beginning time step 7 : 0.7 =====


Reforming stiffness matrix: reformation #1

 1
 Nonlinear solution status: time= 0.7
	stiffness updates             = 0
	right hand side evaluations   = 2
	stiffness matrix reformations = 1
	step from line search         = 1.000000
	convergence norms :     INITIAL         CURRENT         REQUIRED
	   residual            2.772832e+02    3.898500e-04    0.000000e+00 
	   energy              1.150452e+00    5.937349e-05    1.150452e-02 
	   displacement        1.010202e-02    1.010202e-02    1.010202e-08 
 2
 Nonlinear solution status: time= 0.7
	stiffness updates             = 1
	right hand side evaluations   = 3
	stiffness matrix reformations = 1
	step from line search         = 1.000000
	convergence norms :     INITIAL         CURRENT         REQUIRED
	   residual            2.772832e+02    4.343951e-06    0.000000e+00 
	   energy              1.150452e+00    3.783557e-08    1.150452e-02 
	   displacement        1.010202e-02    3.401316e-09    1.010033e-08 

convergence summary
    number of iterations   : 2
    number of reformations : 1

------- converged at time : 0.7


===== beginning time step 8 : 0.8 =====


Reforming stiffness matrix: reformation #1

 1
 Nonlinear solution status: time= 0.8
	stiffness updates             = 0
	right hand side evaluations   = 2
	stiffness matrix reformations = 1
	step from line search         = 1.000000
	convergence norms :     INITIAL         CURRENT         REQUIRED
	   residual            4.319773e+02    2.931220e-04    0.000000e+00 
	   energy              1.749983e+00    8.672128e-05    1.749983e-02 
	   displacement        1.506947e-02    1.506947e-02    1.506947e-08 
 2
 Nonlinear solution status: time= 0.8
	stiffness updates             = 1
	right hand side evaluations   = 3
	stiffness matrix reformations = 1
	step from line search         = 1.000000
	convergence norms :     INITIAL         CURRENT         REQUIRED
	   residual            4.319773e+02    1.277356e-05    0.000000e+00 
	   energy              1.749983e+00    1.564104e-07    1.749983e-02 
	   displacement        1.506947e-02    3.242926e-09    1.506701e-08 

convergence summary
    number of iterations   : 2
    number of reformations : 1

------- converged at time : 0.8


===== beginning time step 9 : 0.9 =====


Reforming stiffness matrix: reformation #1

 1
 Nonlinear solution status: time= 0.9
	stiffness updates             = 0
	right hand side evaluations   = 2
	stiffness matrix reformations = 1
	step from line search         = 1.000000
	convergence norms :     INITIAL         CURRENT         REQUIRED
	   residual            6.244742e+02    6.703352e-05    0.000000e+00 
	   energy              2.479473e+00    1.018527e-04    2.479473e-02 
	   displacement        2.118522e-02    2.118522e-02    2.118522e-08 
 2
 Nonlinear solution status: time= 0.9
	stiffness updates             = 1
	right hand side evaluations   = 3
	stiffness matrix reformations = 1
	step from line search         = 1.000000
	convergence norms :     INITIAL         CURRENT         REQUIRED
	   residual            6.244742e+02    8.134522e-07    0.000000e+00 
	   energy              2.479473e+00    1.687908e-08    2.479473e-02 
	   displacement        2.118522e-02    9.165747e-10    2.118213e-08 

convergence summary
    number of iterations   : 2
    number of reformations : 1

------- converged at time : 0.9


===== beginning time step 10 : 1 =====


Reforming stiffness matrix: reformation #1

 1
 Nonlinear solution status: time= 1
	stiffness updates             = 0
	right hand side evaluations   = 2
	stiffness matrix reformations = 1
	step from line search         = 1.000000
	convergence norms :     INITIAL         CURRENT         REQUIRED
	   residual            8.610979e+02    1.828209e-05    0.000000e+00 
	   energy              3.321333e+00    1.265188e-04    3.321333e-02 
	   displacement        2.805837e-02    2.805837e-02    2.805837e-08 
 2
 Nonlinear solution status: time= 1
	stiffness updates             = 1
	right hand side evaluations   = 3
	stiffness matrix reformations = 1
	step from line search         = 1.000000
	convergence norms :     INITIAL         CURRENT         REQUIRED
	   residual            8.610979e+02    6.865467e-08    0.000000e+00 
	   energy              3.321333e+00    2.556841e-09    3.321333e-02 
	   displacement        2.805837e-02    5.957845e-10    2.805479e-08 

convergence summary
    number of iterations   : 2
    number of reformations : 1

------- converged at time : 1


===== beginning time step 11 : 1.1 =====


Reforming stiffness matrix: reformation #1

 1
 Nonlinear solution status: time= 1.1
	stiffness updates             = 0
	right hand side evaluations   = 2
	stiffness matrix reformations = 1
	step from line search         = 1.000000
	convergence norms :     INITIAL         CURRENT         REQUIRED
	   residual            1.136327e+03    1.736127e-05    0.000000e+00 
	   energy              4.195155e+00    1.410966e-04    4.195155e-02 
	   displacement        3.443361e-02    3.443361e-02    3.443361e-08 
 2
 Nonlinear solution status: time= 1.1
	stiffness updates             = 1
	right hand side evaluations   = 3
	stiffness matrix reformations = 1
	step from line search         = 1.000000
	convergence norms :     INITIAL         CURRENT         REQUIRED
	   residual            1.136327e+03    1.267618e-08    0.000000e+00 
	   energy              4.195155e+00    3.685184e-10    4.195155e-02 
	   displacement        3.443361e-02    3.947377e-10    3.443060e-08 

convergence summary
    number of iterations   : 2
    number of reformations : 1

------- converged at time : 1.1


===== beginning time step 12 : 1.2 =====


Reforming stiffness matrix: reformation #1

 1
 Nonlinear solution status: time= 1.2
	stiffness updates             = 0
	right hand side evaluations   = 2
	stiffness matrix reformations = 1
	step from line search         = 1.000000
	convergence norms :     INITIAL         CURRENT         REQUIRED
	   residual            1.418103e+03    2.764687e-05    0.000000e+00 
	   energy              4.961235e+00    1.350329e-04    4.961235e-02 
	   displacement        3.892675e-02    3.892675e-02    3.892675e-08 
 2
 Nonlinear solution status: time= 1.2
	stiffness updates             = 1
	right hand side evaluations   = 3
	stiffness matrix reformations = 1
	step from line search         = 1.000000
	convergence norms :     INITIAL         CURRENT         REQUIRED
	   residual            1.418103e+03    1.686940e-07    0.000000e+00 
	   energy              4.961235e+00    3.220776e-09    4.961235e-02 
	   displacement        3.892675e-02    4.017985e-10    3.892413e-08 

convergence summary
    number of iterations   : 2
    number of reformations : 1

------- converged at time : 1.2


===== beginning time step 13 : 1.3 =====


Reforming stiffness matrix: reformation #1

 1
 Nonlinear solution status: time= 1.3
	stiffness updates             = 0
	right hand side evaluations   = 2
	stiffness matrix reformations = 1
	step from line search         = 1.000000
	convergence norms :     INITIAL         CURRENT         REQUIRED
	   residual            1.695685e+03    2.041776e-04    0.000000e+00 
	   energy              5.592936e+00    9.615732e-05    5.592936e-02 
	   displacement        4.154711e-02    4.154711e-02    4.154711e-08 
 2
 Nonlinear solution status: time= 1.3
	stiffness updates             = 1
	right hand side evaluations   = 3
	stiffness matrix reformations = 1
	step from line search         = 1.000000
	convergence norms :     INITIAL         CURRENT         REQUIRED
	   residual            1.695685e+03    4.049189e-06    0.000000e+00 
	   energy              5.592936e+00    7.178678e-08    5.592936e-02 
	   displacement        4.154711e-02    2.620190e-09    4.154425e-08 

convergence summary
    number of iterations   : 2
    number of reformations : 1

------- converged at time : 1.3


===== beginning time step 14 : 1.4 =====


Reforming stiffness matrix: reformation #1

 1
 Nonlinear solution status: time= 1.4
	stiffness updates             = 0
	right hand side evaluations   = 2
	stiffness matrix reformations = 1
	step from line search         = 1.000000
	convergence norms :     INITIAL         CURRENT         REQUIRED
	   residual            2.003926e+03    9.252627e-04    0.000000e+00 
	   energy              6.176967e+00    2.317888e-05    6.176967e-02 
	   displacement        4.292058e-02    4.292058e-02    4.292058e-08 
 2
 Nonlinear solution status: time= 1.4
	stiffness updates             = 1
	right hand side evaluations   = 3
	stiffness matrix reformations = 1
	step from line search         = 1.000000
	convergence norms :     INITIAL         CURRENT         REQUIRED
	   residual            2.003926e+03    2.793720e-05    0.000000e+00 
	   energy              6.176967e+00    6.407731e-07    6.176967e-02 
	   displacement        4.292058e-02    2.215347e-08    4.291824e-08 

convergence summary
    number of iterations   : 2
    number of reformations : 1

------- converged at time : 1.4


===== beginning time step 15 : 1.5 =====


Reforming stiffness matrix: reformation #1

 1
 Nonlinear solution status: time= 1.5
	stiffness updates             = 0
	right hand side evaluations   = 2
	stiffness matrix reformations = 1
	step from line search         = 1.000000
	convergence norms :     INITIAL         CURRENT         REQUIRED
	   residual            2.363312e+03    4.699769e-03    0.000000e+00 
	   energy              6.791351e+00    1.029775e-04    6.791351e-02 
	   displacement        4.387962e-02    4.387962e-02    4.387962e-08 
 2
 Nonlinear solution status: time= 1.5
	stiffness updates             = 1
	right hand side evaluations   = 3
	stiffness matrix reformations = 1
	step from line search         = 1.000000
	convergence norms :     INITIAL         CURRENT         REQUIRED
	   residual            2.363312e+03    1.283063e-04    0.000000e+00 
	   energy              6.791351e+00    1.531367e-06    6.791351e-02 
	   displacement        4.387962e-02    3.877567e-08    4.387977e-08 

convergence summary
    number of iterations   : 2
    number of reformations : 1

------- converged at time : 1.5


===== beginning time step 16 : 1.6 =====


Reforming stiffness matrix: reformation #1

 1
 Nonlinear solution status: time= 1.6
	stiffness updates             = 0
	right hand side evaluations   = 2
	stiffness matrix reformations = 1
	step from line search         = 1.000000
	convergence norms :     INITIAL         CURRENT         REQUIRED
	   residual            2.777692e+03    8.340583e-03    0.000000e+00 
	   energy              7.496764e+00    2.329802e-04    7.496764e-02 
	   displacement        4.506006e-02    4.506006e-02    4.506006e-08 
 2
 Nonlinear solution status: time= 1.6
	stiffness updates             = 1
	right hand side evaluations   = 3
	stiffness matrix reformations = 1
	step from line search         = 1.000000
	convergence norms :     INITIAL         CURRENT         REQUIRED
	   residual            2.777692e+03    3.077670e-04    0.000000e+00 
	   energy              7.496764e+00    5.089677e-06    7.496764e-02 
	   displacement        4.506006e-02    1.393512e-07    4.506262e-08 
 3
 Nonlinear solution status: time= 1.6
	stiffness updates             = 2
	right hand side evaluations   = 4
	stiffness matrix reformations = 1
	step from line search         = 1.000000
	convergence norms :     INITIAL         CURRENT         REQUIRED
	   residual            2.777692e+03    2.449699e-06    0.000000e+00 
	   energy              7.496764e+00    3.416256e-08    7.496764e-02 
	   displacement        4.506006e-02    9.155582e-09    4.506280e-08 

convergence summary
    number of iterations   : 3
    number of reformations : 1

------- converged at time : 1.6


===== beginning time step 17 : 1.7 =====


Reforming stiffness matrix: reformation #1

 1
 Nonlinear solution status: time= 1.7
	stiffness updates             = 0
	right hand side evaluations   = 2
	stiffness matrix reformations = 1
	step from line search         = 1.000000
	convergence norms :     INITIAL         CURRENT         REQUIRED
	   residual            3.242723e+03    3.079104e-02    0.000000e+00 
	   energy              8.328211e+00    6.887071e-04    8.328211e-02 
	   displacement        4.679022e-02    4.679022e-02    4.679022e-08 
 2
 Nonlinear solution status: time= 1.7
	stiffness updates             = 1
	right hand side evaluations   = 3
	stiffness matrix reformations = 1
	step from line search         = 1.000000
	convergence norms :     INITIAL         CURRENT         REQUIRED
	   residual            3.242723e+03    1.083670e-03    0.000000e+00 
	   energy              8.328211e+00    1.315055e-05    8.328211e-02 
	   displacement        4.679022e-02    3.104088e-07    4.679364e-08 
 3
 Nonlinear solution status: time= 1.7
	stiffness updates             = 2
	right hand side evaluations   = 4
	stiffness matrix reformations = 1
	step from line search         = 1.000000
	convergence norms :     INITIAL         CURRENT         REQUIRED
	   residual            3.242723e+03    5.810444e-06    0.000000e+00 
	   energy              8.328211e+00    8.949322e-08    8.328211e-02 
	   displacement        4.679022e-02    2.159701e-08    4.679348e-08 

convergence summary
    number of iterations   : 3
    number of reformations : 1

------- converged at time : 1.7


===== beginning time step 18 : 1.8 =====


Reforming stiffness matrix: reformation #1

 1
 Nonlinear solution status: time= 1.8
	stiffness updates             = 0
	right hand side evaluations   = 2
	stiffness matrix reformations = 1
	step from line search         = 1.000000
	convergence norms :     INITIAL         CURRENT         REQUIRED
	   residual            3.733021e+03    3.799934e-02    0.000000e+00 
	   energy              9.253960e+00    1.055559e-03    9.253960e-02 
	   displacement        4.905940e-02    4.905940e-02    4.905940e-08 
 2
 Nonlinear solution status: time= 1.8
	stiffness updates             = 1
	right hand side evaluations   = 3
	stiffness matrix reformations = 1
	step from line search         = 1.000000
	convergence norms :     INITIAL         CURRENT         REQUIRED
	   residual            3.733021e+03    2.108585e-03    0.000000e+00 
	   energy              9.253960e+00    3.094163e-05    9.253960e-02 
	   displacement        4.905940e-02    7.892646e-07    4.907693e-08 
 3
 Nonlinear solution status: time= 1.8
	stiffness updates             = 2
	right hand side evaluations   = 4
	stiffness matrix reformations = 1
	step from line search         = 1.000000
	convergence norms :     INITIAL         CURRENT         REQUIRED
	   residual            3.733021e+03    2.721216e-05    0.000000e+00 
	   energy              9.253960e+00    3.823712e-07    9.253960e-02 
	   displacement        4.905940e-02    8.712691e-08    4.907929e-08 
 4
 Nonlinear solution status: time= 1.8
	stiffness updates             = 3
	right hand side evaluations   = 5
	stiffness matrix reformations = 1
	step from line search         = 1.000000
	convergence norms :     INITIAL         CURRENT         REQUIRED
	   residual            3.733021e+03    2.057651e-06    0.000000e+00 
	   energy              9.253960e+00    2.681651e-08    9.253960e-02 
	   displacement        4.905940e-02    7.202430e-10    4.907911e-08 

convergence summary
    number of iterations   : 4
    number of reformations : 1

------- converged at time : 1.8


===== beginning time step 19 : 1.9 =====


Reforming stiffness matrix: reformation #1

 1
 Nonlinear solution status: time= 1.9
	stiffness updates             = 0
	right hand side evaluations   = 2
	stiffness matrix reformations = 1
	step from line search         = 1.000000
	convergence norms :     INITIAL         CURRENT         REQUIRED
	   residual            4.196376e+03    1.594217e-02    0.000000e+00 
	   energy              1.018040e+01    4.807898e-04    1.018040e-01 
	   displacement        5.171136e-02    5.171136e-02    5.171136e-08 
 2
 Nonlinear solution status: time= 1.9
	stiffness updates             = 1
	right hand side evaluations   = 3
	stiffness matrix reformations = 1
	step from line search         = 1.000000
	convergence norms :     INITIAL         CURRENT         REQUIRED
	   residual            4.196376e+03    8.661922e-04    0.000000e+00 
	   energy              1.018040e+01    1.592349e-05    1.018040e-01 
	   displacement        5.171136e-02    5.817691e-07    5.172923e-08 
 3
 Nonlinear solution status: time= 1.9
	stiffness updates             = 2
	right hand side evaluations   = 4
	stiffness matrix reformations = 1
	step from line search         = 1.000000
	convergence norms :     INITIAL         CURRENT         REQUIRED
	   residual            4.196376e+03    1.434239e-05    0.000000e+00 
	   energy              1.018040e+01    2.791534e-07    1.018040e-01 
	   displacement        5.171136e-02    4.649984e-08    5.173229e-08 

convergence summary
    number of iterations   : 3
    number of reformations : 1

------- converged at time : 1.9


===== beginning time step 20 : 2 =====


Reforming stiffness matrix: reformation #1

 1
 Nonlinear solution status: time= 2
	stiffness updates             = 0
	right hand side evaluations   = 2
	stiffness matrix reformations = 1
	step from line search         = 1.000000
	convergence norms :     INITIAL         CURRENT         REQUIRED
	   residual            4.570834e+03    1.507798e-05    0.000000e+00 
	   energy              1.100396e+01    1.136265e-04    1.100396e-01 
	   displacement        5.459086e-02    5.459086e-02    5.459086e-08 
 2
 Nonlinear solution status: time= 2
	stiffness updates             = 1
	right hand side evaluations   = 3
	stiffness matrix reformations = 1
	step from line search         = 1.000000
	convergence norms :     INITIAL         CURRENT         REQUIRED
	   residual            4.570834e+03    1.199824e-10    0.000000e+00 
	   energy              1.100396e+01    3.062394e-11    1.100396e-01 
	   displacement        5.459086e-02    3.560003e-10    5.459045e-08 

convergence summary
    number of iterations   : 2
    number of reformations : 1

------- converged at time : 2


===== beginning time step 21 : 2.1 =====


Reforming stiffness matrix: reformation #1

 1
 Nonlinear solution status: time= 2.1
	stiffness updates             = 0
	right hand side evaluations   = 2
	stiffness matrix reformations = 1
	step from line search         = 1.000000
	convergence norms :     INITIAL         CURRENT         REQUIRED
	   residual            4.834128e+03    1.741026e-05    0.000000e+00 
	   energy              1.165107e+01    1.565592e-04    1.165107e-01 
	   displacement        5.734699e-02    5.734699e-02    5.734699e-08 
 2
 Nonlinear solution status: time= 2.1
	stiffness updates             = 1
	right hand side evaluations   = 3
	stiffness matrix reformations = 1
	step from line search         = 1.000000
	convergence norms :     INITIAL         CURRENT         REQUIRED
	   residual            4.834128e+03    1.182143e-10    0.000000e+00 
	   energy              1.165107e+01    2.376245e-11    1.165107e-01 
	   displacement        5.734699e-02    5.015528e-10    5.734604e-08 

convergence summary
    number of iterations   : 2
    number of reformations : 1

------- converged at time : 2.1


===== beginning time step 22 : 2.2 =====


Reforming stiffness matrix: reformation #1

 1
 Nonlinear solution status: time= 2.2
	stiffness updates             = 0
	right hand side evaluations   = 2
	stiffness matrix reformations = 1
	step from line search         = 1.000000
	convergence norms :     INITIAL         CURRENT         REQUIRED
	   residual            4.975325e+03    3.223929e-05    0.000000e+00 
	   energy              1.204434e+01    2.575815e-04    1.204434e-01 
	   displacement        5.947148e-02    5.947148e-02    5.947148e-08 
 2
 Nonlinear solution status: time= 2.2
	stiffness updates             = 1
	right hand side evaluations   = 3
	stiffness matrix reformations = 1
	step from line search         = 1.000000
	convergence norms :     INITIAL         CURRENT         REQUIRED
	   residual            4.975325e+03    1.569370e-10    0.000000e+00 
	   energy              1.204434e+01    4.198190e-11    1.204434e-01 
	   displacement        5.947148e-02    7.143142e-10    5.946935e-08 

convergence summary
    number of iterations   : 2
    number of reformations : 1

------- converged at time : 2.2


===== beginning time step 23 : 2.3 =====


Reforming stiffness matrix: reformation #1

 1
 Nonlinear solution status: time= 2.3
	stiffness updates             = 0
	right hand side evaluations   = 2
	stiffness matrix reformations = 1
	step from line search         = 1.000000
	convergence norms :     INITIAL         CURRENT         REQUIRED
	   residual            4.958357e+03    4.713601e-05    0.000000e+00 
	   energy              1.210254e+01    3.324570e-04    1.210254e-01 
	   displacement        6.054619e-02    6.054619e-02    6.054619e-08 
 2
 Nonlinear solution status: time= 2.3
	stiffness updates             = 1
	right hand side evaluations   = 3
	stiffness matrix reformations = 1
	step from line search         = 1.000000
	convergence norms :     INITIAL         CURRENT         REQUIRED
	   residual            4.958357e+03    3.580562e-10    0.000000e+00 
	   energy              1.210254e+01    1.256652e-10    1.210254e-01 
	   displacement        6.054619e-02    9.053416e-10    6.054329e-08 

convergence summary
    number of iterations   : 2
    number of reformations : 1

------- converged at time : 2.3


===== beginning time step 24 : 2.4 =====


Reforming stiffness matrix: reformation #1

 1
 Nonlinear solution status: time= 2.4
	stiffness updates             = 0
	right hand side evaluations   = 2
	stiffness matrix reformations = 1
	step from line search         = 1.000000
	convergence norms :     INITIAL         CURRENT         REQUIRED
	   residual            4.769741e+03    3.809898e-05    0.000000e+00 
	   energy              1.179836e+01    3.001661e-04    1.179836e-01 
	   displacement        6.044720e-02    6.044720e-02    6.044720e-08 
 2
 Nonlinear solution status: time= 2.4
	stiffness updates             = 1
	right hand side evaluations   = 3
	stiffness matrix reformations = 1
	step from line search         = 1.000000
	convergence norms :     INITIAL         CURRENT         REQUIRED
	   residual            4.769741e+03    2.348983e-10    0.000000e+00 
	   energy              1.179836e+01    2.389889e-11    1.179836e-01 
	   displacement        6.044720e-02    8.530318e-10    6.044479e-08 

convergence summary
    number of iterations   : 2
    number of reformations : 1

------- converged at time : 2.4


===== beginning time step 25 : 2.5 =====


Reforming stiffness matrix: reformation #1

 1
 Nonlinear solution status: time= 2.5
	stiffness updates             = 0
	right hand side evaluations   = 2
	stiffness matrix reformations = 1
	step from line search         = 1.000000
	convergence norms :     INITIAL         CURRENT         REQUIRED
	   residual            4.446053e+03    2.732771e-05    0.000000e+00 
	   energy              1.118943e+01    2.023973e-04    1.118943e-01 
	   displacement        5.923847e-02    5.923847e-02    5.923847e-08 
 2
 Nonlinear solution status: time= 2.5
	stiffness updates             = 1
	right hand side evaluations   = 3
	stiffness matrix reformations = 1
	step from line search         = 1.000000
	convergence norms :     INITIAL         CURRENT         REQUIRED
	   residual            4.446053e+03    1.725229e-10    0.000000e+00 
	   energy              1.118943e+01    7.141751e-12    1.118943e-01 
	   displacement        5.923847e-02    7.228209e-10    5.923718e-08 

convergence summary
    number of iterations   : 2
    number of reformations : 1

------- converged at time : 2.5


===== beginning time step 26 : 2.6 =====


Reforming stiffness matrix: reformation #1

 1
 Nonlinear solution status: time= 2.6
	stiffness updates             = 0
	right hand side evaluations   = 2
	stiffness matrix reformations = 1
	step from line search         = 1.000000
	convergence norms :     INITIAL         CURRENT         REQUIRED
	   residual            4.047167e+03    2.317065e-05    0.000000e+00 
	   energy              1.036107e+01    1.295293e-04    1.036107e-01 
	   displacement        5.681869e-02    5.681869e-02    5.681869e-08 
 2
 Nonlinear solution status: time= 2.6
	stiffness updates             = 1
	right hand side evaluations   = 3
	stiffness matrix reformations = 1
	step from line search         = 1.000000
	convergence norms :     INITIAL         CURRENT         REQUIRED
	   residual            4.047167e+03    2.496325e-10    0.000000e+00 
	   energy              1.036107e+01    4.640624e-11    1.036107e-01 
	   displacement        5.681869e-02    5.149160e-10    5.681799e-08 

convergence summary
    number of iterations   : 2
    number of reformations : 1

------- converged at time : 2.6


===== beginning time step 27 : 2.7 =====


Reforming stiffness matrix: reformation #1

 1
 Nonlinear solution status: time= 2.7
	stiffness updates             = 0
	right hand side evaluations   = 2
	stiffness matrix reformations = 1
	step from line search         = 1.000000
	convergence norms :     INITIAL         CURRENT         REQUIRED
	   residual            3.617316e+03    1.555544e-05    0.000000e+00 
	   energy              9.420584e+00    1.007164e-04    9.420584e-02 
	   displacement        5.347079e-02    5.347079e-02    5.347079e-08 
 2
 Nonlinear solution status: time= 2.7
	stiffness updates             = 1
	right hand side evaluations   = 3
	stiffness matrix reformations = 1
	step from line search         = 1.000000
	convergence norms :     INITIAL         CURRENT         REQUIRED
	   residual            3.617316e+03    1.757324e-10    0.000000e+00 
	   energy              9.420584e+00    6.962220e-11    9.420584e-02 
	   displacement        5.347079e-02    2.763091e-10    5.347015e-08 

convergence summary
    number of iterations   : 2
    number of reformations : 1

------- converged at time : 2.7


===== beginning time step 28 : 2.8 =====


Reforming stiffness matrix: reformation #1

 1
 Nonlinear solution status: time= 2.8
	stiffness updates             = 0
	right hand side evaluations   = 2
	stiffness matrix reformations = 1
	step from line search         = 1.000000
	convergence norms :     INITIAL         CURRENT         REQUIRED
	   residual            3.190679e+03    4.484189e-06    0.000000e+00 
	   energy              8.501258e+00    7.303877e-05    8.501258e-02 
	   displacement        5.004580e-02    5.004580e-02    5.004580e-08 
 2
 Nonlinear solution status: time= 2.8
	stiffness updates             = 1
	right hand side evaluations   = 3
	stiffness matrix reformations = 1
	step from line search         = 1.000000
	convergence norms :     INITIAL         CURRENT         REQUIRED
	   residual            3.190679e+03    1.916379e-11    0.000000e+00 
	   energy              8.501258e+00    9.329268e-12    8.501258e-02 
	   displacement        5.004580e-02    9.639977e-11    5.004523e-08 

convergence summary
    number of iterations   : 2
    number of reformations : 1

------- converged at time : 2.8


===== beginning time step 29 : 2.9 =====


Reforming stiffness matrix: reformation #1

 1
 Nonlinear solution status: time= 2.9
	stiffness updates             = 0
	right hand side evaluations   = 2
	stiffness matrix reformations = 1
	step from line search         = 1.000000
	convergence norms :     INITIAL         CURRENT         REQUIRED
	   residual            2.810561e+03    4.534532e-06    0.000000e+00 
	   energy              7.708945e+00    4.529124e-05    7.708945e-02 
	   displacement        4.707410e-02    4.707410e-02    4.707410e-08 
 2
 Nonlinear solution status: time= 2.9
	stiffness updates             = 1
	right hand side evaluations   = 3
	stiffness matrix reformations = 1
	step from line search         = 1.000000
	convergence norms :     INITIAL         CURRENT         REQUIRED
	   residual            2.810561e+03    2.390440e-11    0.000000e+00 
	   energy              7.708945e+00    1.995764e-11    7.708945e-02 
	   displacement        4.707410e-02    7.441144e-11    4.707347e-08 

convergence summary
    number of iterations   : 2
    number of reformations : 1

------- converged at time : 2.9


===== beginning time step 30 : 3 =====


Reforming stiffness matrix: reformation #1

 1
 Nonlinear solution status: time= 3
	stiffness updates             = 0
	right hand side evaluations   = 2
	stiffness matrix reformations = 1
	step from line search         = 1.000000
	convergence norms :     INITIAL         CURRENT         REQUIRED
	   residual            2.491395e+03    8.324347e-06    0.000000e+00 
	   energy              7.048998e+00    2.881300e-05    7.048998e-02 
	   displacement        4.466308e-02    4.466308e-02    4.466308e-08 
 2
 Nonlinear solution status: time= 3
	stiffness updates             = 1
	right hand side evaluations   = 3
	stiffness matrix reformations = 1
	step from line search         = 1.000000
	convergence norms :     INITIAL         CURRENT         REQUIRED
	   residual            2.491395e+03    5.820293e-11    0.000000e+00 
	   energy              7.048998e+00    2.968170e-11    7.048998e-02 
	   displacement        4.466308e-02    8.107450e-11    4.466239e-08 

convergence summary
    number of iterations   : 2
    number of reformations : 1

------- converged at time : 3


===== beginning time step 31 : 3.1 =====


Reforming stiffness matrix: reformation #1

 1
 Nonlinear solution status: time= 3.1
	stiffness updates             = 0
	right hand side evaluations   = 2
	stiffness matrix reformations = 1
	step from line search         = 1.000000
	convergence norms :     INITIAL         CURRENT         REQUIRED
	   residual            2.207271e+03    9.180498e-06    0.000000e+00 
	   energy              6.457699e+00    4.193866e-05    6.457699e-02 
	   displacement        4.274062e-02    4.274062e-02    4.274062e-08 
 2
 Nonlinear solution status: time= 3.1
	stiffness updates             = 1
	right hand side evaluations   = 3
	stiffness matrix reformations = 1
	step from line search         = 1.000000
	convergence norms :     INITIAL         CURRENT         REQUIRED
	   residual            2.207271e+03    4.523982e-11    0.000000e+00 
	   energy              6.457699e+00    2.104945e-11    6.457699e-02 
	   displacement        4.274062e-02    1.067183e-10    4.273946e-08 

convergence summary
    number of iterations   : 2
    number of reformations : 1

------- converged at time : 3.1


===== beginning time step 32 : 3.2 =====


Reforming stiffness matrix: reformation #1

 1
 Nonlinear solution status: time= 3.2
	stiffness updates             = 0
	right hand side evaluations   = 2
	stiffness matrix reformations = 1
	step from line search         = 1.000000
	convergence norms :     INITIAL         CURRENT         REQUIRED
	   residual            1.931329e+03    1.057058e-05    0.000000e+00 
	   energy              5.863203e+00    8.620386e-05    5.863203e-02 
	   displacement        4.063003e-02    4.063003e-02    4.063003e-08 
 2
 Nonlinear solution status: time= 3.2
	stiffness updates             = 1
	right hand side evaluations   = 3
	stiffness matrix reformations = 1
	step from line search         = 1.000000
	convergence norms :     INITIAL         CURRENT         REQUIRED
	   residual            1.931329e+03    3.504991e-11    0.000000e+00 
	   energy              5.863203e+00    2.379807e-11    5.863203e-02 
	   displacement        4.063003e-02    1.630208e-10    4.062811e-08 

convergence summary
    number of iterations   : 2
    number of reformations : 1

------- converged at time : 3.2


===== beginning time step 33 : 3.3 =====


Reforming stiffness matrix: reformation #1

 1
 Nonlinear solution status: time= 3.3
	stiffness updates             = 0
	right hand side evaluations   = 2
	stiffness matrix reformations = 1
	step from line search         = 1.000000
	convergence norms :     INITIAL         CURRENT         REQUIRED
	   residual            1.652487e+03    1.364326e-05    0.000000e+00 
	   energy              5.191291e+00    1.204020e-04    5.191291e-02 
	   displacement        3.731275e-02    3.731275e-02    3.731275e-08 
 2
 Nonlinear solution status: time= 3.3
	stiffness updates             = 1
	right hand side evaluations   = 3
	stiffness matrix reformations = 1
	step from line search         = 1.000000
	convergence norms :     INITIAL         CURRENT         REQUIRED
	   residual            1.652487e+03    4.628631e-11    0.000000e+00 
	   energy              5.191291e+00    2.914857e-11    5.191291e-02 
	   displacement        3.731275e-02    2.208418e-10    3.731050e-08 

convergence summary
    number of iterations   : 2
    number of reformations : 1

------- converged at time : 3.3


===== beginning time step 34 : 3.4 =====


Reforming stiffness matrix: reformation #1

 1
 Nonlinear solution status: time= 3.4
	stiffness updates             = 0
	right hand side evaluations   = 2
	stiffness matrix reformations = 1
	step from line search         = 1.000000
	convergence norms :     INITIAL         CURRENT         REQUIRED
	   residual            1.358973e+03    1.592482e-05    0.000000e+00 
	   energy              4.375652e+00    1.130337e-04    4.375652e-02 
	   displacement        3.201446e-02    3.201446e-02    3.201446e-08 
 2
 Nonlinear solution status: time= 3.4
	stiffness updates             = 1
	right hand side evaluations   = 3
	stiffness matrix reformations = 1
	step from line search         = 1.000000
	convergence norms :     INITIAL         CURRENT         REQUIRED
	   residual            1.358973e+03    6.276374e-11    0.000000e+00 
	   energy              4.375652e+00    2.968701e-11    4.375652e-02 
	   displacement        3.201446e-02    2.156356e-10    3.201269e-08 

convergence summary
    number of iterations   : 2
    number of reformations : 1

------- converged at time : 3.4


===== beginning time step 35 : 3.5 =====


Reforming stiffness matrix: reformation #1

 1
 Nonlinear solution status: time= 3.5
	stiffness updates             = 0
	right hand side evaluations   = 2
	stiffness matrix reformations = 1
	step from line search         = 1.000000
	convergence norms :     INITIAL         CURRENT         REQUIRED
	   residual            1.036800e+03    1.343897e-05    0.000000e+00 
	   energy              3.413433e+00    7.421525e-05    3.413433e-02 
	   displacement        2.512569e-02    2.512569e-02    2.512569e-08 
 2
 Nonlinear solution status: time= 3.5
	stiffness updates             = 1
	right hand side evaluations   = 3
	stiffness matrix reformations = 1
	step from line search         = 1.000000
	convergence norms :     INITIAL         CURRENT         REQUIRED
	   residual            1.036800e+03    5.146181e-11    0.000000e+00 
	   energy              3.413433e+00    2.469852e-11    3.413433e-02 
	   displacement        2.512569e-02    1.536416e-10    2.512476e-08 

convergence summary
    number of iterations   : 2
    number of reformations : 1

------- converged at time : 3.5


===== beginning time step 36 : 3.6 =====


Reforming stiffness matrix: reformation #1

 1
 Nonlinear solution status: time= 3.6
	stiffness updates             = 0
	right hand side evaluations   = 2
	stiffness matrix reformations = 1
	step from line search         = 1.000000
	convergence norms :     INITIAL         CURRENT         REQUIRED
	   residual            6.986210e+02    7.481124e-06    0.000000e+00 
	   energy              2.393201e+00    3.435748e-05    2.393201e-02 
	   displacement        1.798188e-02    1.798188e-02    1.798188e-08 
 2
 Nonlinear solution status: time= 3.6
	stiffness updates             = 1
	right hand side evaluations   = 3
	stiffness matrix reformations = 1
	step from line search         = 1.000000
	convergence norms :     INITIAL         CURRENT         REQUIRED
	   residual            6.986210e+02    2.046825e-11    0.000000e+00 
	   energy              2.393201e+00    1.437210e-11    2.393201e-02 
	   displacement        1.798188e-02    9.748414e-11    1.798126e-08 

convergence summary
    number of iterations   : 2
    number of reformations : 1

------- converged at time : 3.6


===== beginning time step 37 : 3.7 =====


Reforming stiffness matrix: reformation #1

 1
 Nonlinear solution status: time= 3.7
	stiffness updates             = 0
	right hand side evaluations   = 2
	stiffness matrix reformations = 1
	step from line search         = 1.000000
	convergence norms :     INITIAL         CURRENT         REQUIRED
	   residual            3.936137e+02    4.548718e-06    0.000000e+00 
	   energy              1.447218e+00    2.075536e-05    1.447218e-02 
	   displacement        1.142901e-02    1.142901e-02    1.142901e-08 
 2
 Nonlinear solution status: time= 3.7
	stiffness updates             = 1
	right hand side evaluations   = 3
	stiffness matrix reformations = 1
	step from line search         = 1.000000
	convergence norms :     INITIAL         CURRENT         REQUIRED
	   residual            3.936137e+02    1.404328e-11    0.000000e+00 
	   energy              1.447218e+00    1.301269e-11    1.447218e-02 
	   displacement        1.142901e-02    7.912774e-11    1.142818e-08 

convergence summary
    number of iterations   : 2
    number of reformations : 1

------- converged at time : 3.7


===== beginning time step 38 : 3.8 =====


Reforming stiffness matrix: reformation #1

 1
 Nonlinear solution status: time= 3.8
	stiffness updates             = 0
	right hand side evaluations   = 2
	stiffness matrix reformations = 1
	step from line search         = 1.000000
	convergence norms :     INITIAL         CURRENT         REQUIRED
	   residual            1.706476e+02    4.306470e-06    0.000000e+00 
	   energy              6.937063e-01    2.375164e-05    6.937063e-03 
	   displacement        5.884826e-03    5.884826e-03    5.884826e-09 
 2
 Nonlinear solution status: time= 3.8
	stiffness updates             = 1
	right hand side evaluations   = 3
	stiffness matrix reformations = 1
	step from line search         = 1.000000
	convergence norms :     INITIAL         CURRENT         REQUIRED
	   residual            1.706476e+02    1.670145e-11    0.000000e+00 
	   energy              6.937063e-01    1.602069e-11    6.937063e-03 
	   displacement        5.884826e-03    7.506231e-11    5.884040e-09 

convergence summary
    number of iterations   : 2
    number of reformations : 1

------- converged at time : 3.8


===== beginning time step 39 : 3.9 =====


Reforming stiffness matrix: reformation #1

 1
 Nonlinear solution status: time= 3.9
	stiffness updates             = 0
	right hand side evaluations   = 2
	stiffness matrix reformations = 1
	step from line search         = 1.000000
	convergence norms :     INITIAL         CURRENT         REQUIRED
	   residual            5.113614e+01    2.137445e-06    0.000000e+00 
	   energy              2.243790e-01    1.775791e-05    2.243790e-03 
	   displacement        2.008750e-03    2.008750e-03    2.008750e-09 
 2
 Nonlinear solution status: time= 3.9
	stiffness updates             = 1
	right hand side evaluations   = 3
	stiffness matrix reformations = 1
	step from line search         = 1.000000
	convergence norms :     INITIAL         CURRENT         REQUIRED
	   residual            5.113614e+01    4.729945e-12    0.000000e+00 
	   energy              2.243790e-01    6.483626e-12    2.243790e-03 
	   displacement        2.008750e-03    4.264297e-11    2.008391e-09 

convergence summary
    number of iterations   : 2
    number of reformations : 1

------- converged at time : 3.9


===== beginning time step 40 : 4 =====


Reforming stiffness matrix: reformation #1

 1
 Nonlinear solution status: time= 4
	stiffness updates             = 0
	right hand side evaluations   = 2
	stiffness matrix reformations = 1
	step from line search         = 1.000000
	convergence norms :     INITIAL         CURRENT         REQUIRED
	   residual            3.633965e+01    1.027410e-06    0.000000e+00 
	   energy              1.045143e-01    4.036848e-06    1.045143e-03 
	   displacement        6.064992e-04    6.064992e-04    6.064992e-10 
 2
 Nonlinear solution status: time= 4
	stiffness updates             = 1
	right hand side evaluations   = 3
	stiffness matrix reformations = 1
	step from line search         = 1.000000
	convergence norms :     INITIAL         CURRENT         REQUIRED
	   residual            3.633965e+01    4.480911e-12    0.000000e+00 
	   energy              1.045143e-01    5.035673e-12    1.045143e-03 
	   displacement        6.064992e-04    1.925528e-11    6.064503e-10 

convergence summary
    number of iterations   : 2
    number of reformations : 1

------- converged at time : 4


===== beginning time step 41 : 4.1 =====


Reforming stiffness matrix: reformation #1

 1
 Nonlinear solution status: time= 4.1
	stiffness updates             = 0
	right hand side evaluations   = 2
	stiffness matrix reformations = 1
	step from line search         = 1.000000
	convergence norms :     INITIAL         CURRENT         REQUIRED
	   residual            1.113765e+02    2.359601e-06    0.000000e+00 
	   energy              3.365848e-01    3.466120e-06    3.365848e-03 
	   displacement        2.105811e-03    2.105811e-03    2.105811e-09 
 2
 Nonlinear solution status: time= 4.1
	stiffness updates             = 1
	right hand side evaluations   = 3
	stiffness matrix reformations = 1
	step from line search         = 1.000000
	convergence norms :     INITIAL         CURRENT         REQUIRED
	   residual            1.113765e+02    4.464610e-12    0.000000e+00 
	   energy              3.365848e-01    4.104468e-12    3.365848e-03 
	   displacement        2.105811e-03    3.033542e-11    2.105810e-09 

convergence summary
    number of iterations   : 2
    number of reformations : 1

------- converged at time : 4.1


===== beginning time step 42 : 4.2 =====


Reforming stiffness matrix: reformation #1

 1
 Nonlinear solution status: time= 4.2
	stiffness updates             = 0
	right hand side evaluations   = 2
	stiffness matrix reformations = 1
	step from line search         = 1.000000
	convergence norms :     INITIAL         CURRENT         REQUIRED
	   residual            2.541276e+02    3.492672e-06    0.000000e+00 
	   energy              8.584599e-01    1.376641e-06    8.584599e-03 
	   displacement        6.254651e-03    6.254651e-03    6.254651e-09 
 2
 Nonlinear solution status: time= 4.2
	stiffness updates             = 1
	right hand side evaluations   = 3
	stiffness matrix reformations = 1
	step from line search         = 1.000000
	convergence norms :     INITIAL         CURRENT         REQUIRED
	   residual            2.541276e+02    3.192719e-12    0.000000e+00 
	   energy              8.584599e-01    5.412083e-12    8.584599e-03 
	   displacement        6.254651e-03    3.800149e-11    6.254553e-09 

convergence summary
    number of iterations   : 2
    number of reformations : 1

------- converged at time : 4.2


===== beginning time step 43 : 4.3 =====


Reforming stiffness matrix: reformation #1

 1
 Nonlinear solution status: time= 4.3
	stiffness updates             = 0
	right hand side evaluations   = 2
	stiffness matrix reformations = 1
	step from line search         = 1.000000
	convergence norms :     INITIAL         CURRENT         REQUIRED
	   residual            4.485431e+02    2.952901e-06    0.000000e+00 
	   energy              1.599001e+00    1.437762e-06    1.599001e-02 
	   displacement        1.240610e-02    1.240610e-02    1.240610e-08 
 2
 Nonlinear solution status: time= 4.3
	stiffness updates             = 1
	right hand side evaluations   = 3
	stiffness matrix reformations = 1
	step from line search         = 1.000000
	convergence norms :     INITIAL         CURRENT         REQUIRED
	   residual            4.485431e+02    1.767379e-12    0.000000e+00 
	   energy              1.599001e+00    4.356667e-12    1.599001e-02 
	   displacement        1.240610e-02    4.232977e-11    1.240608e-08 

convergence summary
    number of iterations   : 2
    number of reformations : 1

------- converged at time : 4.3


===== beginning time step 44 : 4.4 =====


Reforming stiffness matrix: reformation #1

 1
 Nonlinear solution status: time= 4.4
	stiffness updates             = 0
	right hand side evaluations   = 2
	stiffness matrix reformations = 1
	step from line search         = 1.000000
	convergence norms :     INITIAL         CURRENT         REQUIRED
	   residual            6.738238e+02    4.880441e-06    0.000000e+00 
	   energy              2.471138e+00    4.381888e-06    2.471138e-02 
	   displacement        1.977666e-02    1.977666e-02    1.977666e-08 
 2
 Nonlinear solution status: time= 4.4
	stiffness updates             = 1
	right hand side evaluations   = 3
	stiffness matrix reformations = 1
	step from line search         = 1.000000
	convergence norms :     INITIAL         CURRENT         REQUIRED
	   residual            6.738238e+02    3.573094e-12    0.000000e+00 
	   energy              2.471138e+00    1.155843e-11    2.471138e-02 
	   displacement        1.977666e-02    1.155544e-10    1.977679e-08 

convergence summary
    number of iterations   : 2
    number of reformations : 1

------- converged at time : 4.4


===== beginning time step 45 : 4.5 =====


Reforming stiffness matrix: reformation #1

 1
 Nonlinear solution status: time= 4.5
	stiffness updates             = 0
	right hand side evaluations   = 2
	stiffness matrix reformations = 1
	step from line search         = 1.000000
	convergence norms :     INITIAL         CURRENT         REQUIRED
	   residual            8.983147e+02    8.019468e-06    0.000000e+00 
	   energy              3.346335e+00    1.339576e-05    3.346335e-02 
	   displacement        2.730380e-02    2.730380e-02    2.730380e-08 
 2
 Nonlinear solution status: time= 4.5
	stiffness updates             = 1
	right hand side evaluations   = 3
	stiffness matrix reformations = 1
	step from line search         = 1.000000
	convergence norms :     INITIAL         CURRENT         REQUIRED
	   residual            8.983147e+02    6.068427e-12    0.000000e+00 
	   energy              3.346335e+00    2.094680e-11    3.346335e-02 
	   displacement        2.730380e-02    2.153160e-10    2.730413e-08 

convergence summary
    number of iterations   : 2
    number of reformations : 1

------- converged at time : 4.5


===== beginning time step 46 : 4.6 =====


Reforming stiffness matrix: reformation #1

 1
 Nonlinear solution status: time= 4.6
	stiffness updates             = 0
	right hand side evaluations   = 2
	stiffness matrix reformations = 1
	step from line search         = 1.000000
	convergence norms :     INITIAL         CURRENT         REQUIRED
	   residual            1.111643e+03    9.208048e-06    0.000000e+00 
	   energy              4.119754e+00    2.149823e-05    4.119754e-02 
	   displacement        3.378193e-02    3.378193e-02    3.378193e-08 
 2
 Nonlinear solution status: time= 4.6
	stiffness updates             = 1
	right hand side evaluations   = 3
	stiffness matrix reformations = 1
	step from line search         = 1.000000
	convergence norms :     INITIAL         CURRENT         REQUIRED
	   residual            1.111643e+03    7.437715e-12    0.000000e+00 
	   energy              4.119754e+00    2.461042e-11    4.119754e-02 
	   displacement        3.378193e-02    2.573430e-10    3.378275e-08 

convergence summary
    number of iterations   : 2
    number of reformations : 1

------- converged at time : 4.6


===== beginning time step 47 : 4.7 =====


Reforming stiffness matrix: reformation #1

 1
 Nonlinear solution status: time= 4.7
	stiffness updates             = 0
	right hand side evaluations   = 2
	stiffness matrix reformations = 1
	step from line search         = 1.000000
	convergence norms :     INITIAL         CURRENT         REQUIRED
	   residual            1.336066e+03    8.833765e-06    0.000000e+00 
	   energy              4.770691e+00    2.081777e-05    4.770691e-02 
	   displacement        3.817460e-02    3.817460e-02    3.817460e-08 
 2
 Nonlinear solution status: time= 4.7
	stiffness updates             = 1
	right hand side evaluations   = 3
	stiffness matrix reformations = 1
	step from line search         = 1.000000
	convergence norms :     INITIAL         CURRENT         REQUIRED
	   residual            1.336066e+03    7.274421e-12    0.000000e+00 
	   energy              4.770691e+00    2.012666e-11    4.770691e-02 
	   displacement        3.817460e-02    2.407338e-10    3.817579e-08 

convergence summary
    number of iterations   : 2
    number of reformations : 1

------- converged at time : 4.7


===== beginning time step 48 : 4.8 =====


Reforming stiffness matrix: reformation #1

 1
 Nonlinear solution status: time= 4.8
	stiffness updates             = 0
	right hand side evaluations   = 2
	stiffness matrix reformations = 1
	step from line search         = 1.000000
	convergence norms :     INITIAL         CURRENT         REQUIRED
	   residual            1.607388e+03    6.570158e-06    0.000000e+00 
	   energy              5.346775e+00    9.181853e-06    5.346775e-02 
	   displacement        4.015632e-02    4.015632e-02    4.015632e-08 
 2
 Nonlinear solution status: time= 4.8
	stiffness updates             = 1
	right hand side evaluations   = 3
	stiffness matrix reformations = 1
	step from line search         = 1.000000
	convergence norms :     INITIAL         CURRENT         REQUIRED
	   residual            1.607388e+03    5.112502e-12    0.000000e+00 
	   energy              5.346775e+00    1.337430e-11    5.346775e-02 
	   displacement        4.015632e-02    1.509594e-10    4.015721e-08 

convergence summary
    number of iterations   : 2
    number of reformations : 1

------- converged at time : 4.8


===== beginning time step 49 : 4.9 =====


Reforming stiffness matrix: reformation #1

 1
 Nonlinear solution status: time= 4.9
	stiffness updates             = 0
	right hand side evaluations   = 2
	stiffness matrix reformations = 1
	step from line search         = 1.000000
	convergence norms :     INITIAL         CURRENT         REQUIRED
	   residual            1.950263e+03    3.862736e-06    0.000000e+00 
	   energy              5.930715e+00    2.199440e-06    5.930715e-02 
	   displacement        4.061456e-02    4.061456e-02    4.061456e-08 
 2
 Nonlinear solution status: time= 4.9
	stiffness updates             = 1
	right hand side evaluations   = 3
	stiffness matrix reformations = 1
	step from line search         = 1.000000
	convergence norms :     INITIAL         CURRENT         REQUIRED
	   residual            1.950263e+03    3.755975e-12    0.000000e+00 
	   energy              5.930715e+00    7.885760e-12    5.930715e-02 
	   displacement        4.061456e-02    6.651648e-11    4.061483e-08 

convergence summary
    number of iterations   : 2
    number of reformations : 1

------- converged at time : 4.9


===== beginning time step 50 : 5 =====


Reforming stiffness matrix: reformation #1

 1
 Nonlinear solution status: time= 5
	stiffness updates             = 0
	right hand side evaluations   = 2
	stiffness matrix reformations = 1
	step from line search         = 1.000000
	convergence norms :     INITIAL         CURRENT         REQUIRED
	   residual            2.372004e+03    2.460566e-06    0.000000e+00 
	   energy              6.608999e+00    5.042395e-06    6.608999e-02 
	   displacement        4.102336e-02    4.102336e-02    4.102336e-08 
 2
 Nonlinear solution status: time= 5
	stiffness updates             = 1
	right hand side evaluations   = 3
	stiffness matrix reformations = 1
	step from line search         = 1.000000
	convergence norms :     INITIAL         CURRENT         REQUIRED
	   residual            2.372004e+03    2.693716e-12    0.000000e+00 
	   energy              6.608999e+00    3.784282e-12    6.608999e-02 
	   displacement        4.102336e-02    3.848742e-11    4.102324e-08 

convergence summary
    number of iterations   : 2
    number of reformations : 1

------- converged at time : 5



 N O N L I N E A R   I T E R A T I O N   I N F O R M A T I O N

	Number of time steps completed .................... : 50

	Total number of equilibrium iterations ............ : 116

	Average number of equilibrium iterations .......... : 2.32

	Total number of right hand evaluations ............ : 166

	Total number of stiffness reformations ............ : 50


 L I N E A R   S O L V E R   S T A T S

	Total calls to linear solver ........ : 116

	Avg iterations per solve ............ : 1

	Time in linear solver: 0:00:00


 Elapsed time : 0:00:01

 T I M I N G   I N F O R M A T I O N

	Input time ...................... : 0:00:00 (0.00789206 sec)

	Initialization time ............. : 0:00:00 (0.00192592 sec)

	Solve time ...................... : 0:00:01 (1.04526 sec)

	   IO-time (plot, dmp, data) .... : 0:00:01 (0.554097 sec)

	   reforming stiffness .......... : 0:00:00 (0.00217282 sec)

	   evaluating stiffness ......... : 0:00:00 (0.0873313 sec)

	   evaluating residual .......... : 0:00:00 (0.0492177 sec)

	   model update ................. : 0:00:00 (0.0283466 sec)

	   QN updates ................... : 0:00:00 (0.00065013 sec)

	   time in linear solver ........ : 0:00:00 (0.30702 sec)

	Total elapsed time .............. : 0:00:01 (1.06208 sec)


 N O R M A L   T E R M I N A T I O N

