===========================================================================
         ________    _________   _______       __     _________            
        |        |\ |        |\ |       \\    |  |\  /         \\          
        |    ____|| |    ____|| |    __  ||   |__|| |    ___    ||         
        |   |\___\| |   |\___\| |   |\_| ||    \_\| |   //  \   ||         
        |   ||__    |   ||__    |   ||_| ||   |  |\ |  ||    |  ||         
        |       |\  |       |\  |         \\  |  || |  ||    |  ||         
        |    ___||  |    ___||  |    ___   || |  || |  ||    |  ||         
        |   |\__\|  |   |\__\|  |   |\__|  || |  || |  ||    |  ||         
        |   ||      |   ||___   |   ||__|  || |  || |   \\__/   ||         
        |   ||      |        |\ |          || |  || |           ||         
        |___||      |________|| |_________//  |__||  \_________//          
                                                                           
      F I N I T E   E L E M E N T S   F O R   B I O M E C H A N I C S      
                                                                           
  version 4.12.0
  FEBio is a registered trademark.                                         
  copyright (c) 2006-2026 - All rights reserved                            
                                                                           
===========================================================================





 FILES USED
===========================================================================
	Input file : sim_003.feb
	Plot file  : sim_003.xplt
	Log file   : sim_003.log


 MESH INFO
===========================================================================
	Number of materials ............................ : 1
	Number of domains .............................. : 1
	Number of nodes ................................ : 634
	Number of solid elements ....................... : 2516


 MODULE
===========================================================================
	Module type ....................................... : solid


 CONTROL DATA
===========================================================================
	analysis .......................................... : DYNAMIC (1)
	time_steps ........................................ : 50
	step_size ......................................... : 0.1
	plot_zero_state ................................... : no (0)
	plot_range ........................................ : 0,-1
	plot_level ........................................ : PLOT_MAJOR_ITRS (1)
	output_level ...................................... : OUTPUT_MAJOR_ITRS (1)
	plot_stride ....................................... : 1
	output_stride ..................................... : 1
	adaptor_re_solve .................................. : yes (1)
	Auto time stepper activated ....................... : no
 SOLVER PARAMETERS
===========================================================================
	symmetric_stiffness ............................... : symmetric (1)
	equation_scheme ................................... : staggered (0)
	equation_order .................................... : default (0)
	optimize_bw ....................................... : no (0)
	lstol ............................................. : 0.9
	lsmin ............................................. : 0.01
	lsiter ............................................ : 5
	ls_check_jacobians ................................ : no (0)
	max_refs .......................................... : 15
	check_zero_diagonal ............................... : no (0)
	zero_diagonal_tol ................................. : 0
	force_partition ................................... : 0
	reform_each_time_step ............................. : yes (1)
	reform_augment .................................... : no (0)
	diverge_reform .................................... : yes (1)
	min_residual ...................................... : 1e-20
	max_residual ...................................... : 0
	dtol .............................................. : 0.001
	etol .............................................. : 0.01
	rtol .............................................. : 0
	rhoi .............................................. : -2
	alpha ............................................. : 1
	beta .............................................. : 0.25
	gamma ............................................. : 0.5
	logSolve .......................................... : no (0)
	arc_length ........................................ : 0
	arc_length_scale .................................. : 0






 MATERIAL DATA
===========================================================================
  1 - Material1 (type: trans iso Mooney-Rivlin)
	density ........................................... : 1
	k ................................................. : 100
	pressure_model .................................... : default (0)
	c1 ................................................ : 15.4
	c2 ................................................ : 0
	c3 ................................................ : 2.07
	c4 ................................................ : 61.44
	c5 ................................................ : 640.7
	lam_max ........................................... : 1.03
	fiber: (type: vector)
	  vector .......................................... : 0,0,1
	active_contraction: (type: active_contraction)
	  ascl ............................................ : 0
	  Tmax ............................................ : 0.8
	  ca0 ............................................. : 4.2
	  camax ........................................... : 4.2
	  beta ............................................ : 4.75
	  l0 .............................................. : 1.58
	  refl ............................................ : 2.04


 BOUNDARY CONDITION DATA
===========================================================================
  1 -  Type: zero displacement
	x_dof ............................................. : yes (1)
	y_dof ............................................. : yes (1)
	z_dof ............................................. : yes (1)


 LOAD CONTROLLER DATA
===========================================================================
load controller   1 - LC1 (type: loadcurve)
	interpolate ....................................... : LINEAR (0)
	extend ............................................ : CONSTANT (0)
	points ............................................ : (can't display value)


 OUTPUT DATA
===========================================================================
 LINEAR SOLVER DATA
===========================================================================
	Default linear solver ............................. : pardiso


 *************************************************************************
 * Selecting linear solver pardiso                                       *
 *************************************************************************

===== beginning time step 1 : 0.1 =====


Reforming stiffness matrix: reformation #1

===== reforming stiffness matrix:
	Nr of equations ........................... : 1827
	Nr of nonzeroes in stiffness matrix ....... : 33804
 1
 Nonlinear solution status: time= 0.1
	stiffness updates             = 0
	right hand side evaluations   = 2
	stiffness matrix reformations = 1
	step from line search         = 1.000000
	convergence norms :     INITIAL         CURRENT         REQUIRED
	   residual            6.295262e-02    1.683986e-03    0.000000e+00 
	   energy              4.442130e-04    2.848165e-05    4.442130e-06 
	   displacement        5.585938e-06    5.585938e-06    5.585938e-12 
 2
 Nonlinear solution status: time= 0.1
	stiffness updates             = 1
	right hand side evaluations   = 3
	stiffness matrix reformations = 1
	step from line search         = 1.000000
	convergence norms :     INITIAL         CURRENT         REQUIRED
	   residual            6.295262e-02    6.665083e-05    0.000000e+00 
	   energy              4.442130e-04    9.267671e-07    4.442130e-06 
	   displacement        5.585938e-06    5.497698e-08    6.332348e-12 
 3
 Nonlinear solution status: time= 0.1
	stiffness updates             = 2
	right hand side evaluations   = 4
	stiffness matrix reformations = 1
	step from line search         = 1.000000
	convergence norms :     INITIAL         CURRENT         REQUIRED
	   residual            6.295262e-02    1.270752e-06    0.000000e+00 
	   energy              4.442130e-04    2.063426e-08    4.442130e-06 
	   displacement        5.585938e-06    2.542648e-09    6.364037e-12 
 4
 Nonlinear solution status: time= 0.1
	stiffness updates             = 3
	right hand side evaluations   = 5
	stiffness matrix reformations = 1
	step from line search         = 1.000000
	convergence norms :     INITIAL         CURRENT         REQUIRED
	   residual            6.295262e-02    7.294983e-08    0.000000e+00 
	   energy              4.442130e-04    7.360851e-10    4.442130e-06 
	   displacement        5.585938e-06    5.826717e-11    6.356517e-12 
 5
 Nonlinear solution status: time= 0.1
	stiffness updates             = 4
	right hand side evaluations   = 6
	stiffness matrix reformations = 1
	step from line search         = 1.000000
	convergence norms :     INITIAL         CURRENT         REQUIRED
	   residual            6.295262e-02    2.960540e-09    0.000000e+00 
	   energy              4.442130e-04    7.117894e-12    4.442130e-06 
	   displacement        5.585938e-06    3.301670e-12    6.356195e-12 

convergence summary
    number of iterations   : 5
    number of reformations : 1

------- converged at time : 0.1


===== beginning time step 2 : 0.2 =====


Reforming stiffness matrix: reformation #1

 1
 Nonlinear solution status: time= 0.2
	stiffness updates             = 0
	right hand side evaluations   = 2
	stiffness matrix reformations = 1
	step from line search         = 1.000000
	convergence norms :     INITIAL         CURRENT         REQUIRED
	   residual            9.520412e-01    2.053180e-04    0.000000e+00 
	   energy              6.630443e-03    2.794207e-06    6.630443e-05 
	   displacement        8.361746e-05    8.361746e-05    8.361746e-11 
 2
 Nonlinear solution status: time= 0.2
	stiffness updates             = 1
	right hand side evaluations   = 3
	stiffness matrix reformations = 1
	step from line search         = 1.000000
	convergence norms :     INITIAL         CURRENT         REQUIRED
	   residual            9.520412e-01    4.837870e-06    0.000000e+00 
	   energy              6.630443e-03    5.949882e-08    6.630443e-05 
	   displacement        8.361746e-05    1.845069e-09    8.361843e-11 
 3
 Nonlinear solution status: time= 0.2
	stiffness updates             = 2
	right hand side evaluations   = 4
	stiffness matrix reformations = 1
	step from line search         = 1.000000
	convergence norms :     INITIAL         CURRENT         REQUIRED
	   residual            9.520412e-01    5.547737e-08    0.000000e+00 
	   energy              6.630443e-03    1.484374e-10    6.630443e-05 
	   displacement        8.361746e-05    7.572831e-11    8.360949e-11 

convergence summary
    number of iterations   : 3
    number of reformations : 1

------- converged at time : 0.2


===== beginning time step 3 : 0.3 =====


Reforming stiffness matrix: reformation #1

 1
 Nonlinear solution status: time= 0.3
	stiffness updates             = 0
	right hand side evaluations   = 2
	stiffness matrix reformations = 1
	step from line search         = 1.000000
	convergence norms :     INITIAL         CURRENT         REQUIRED
	   residual            5.505412e+00    5.275877e-04    0.000000e+00 
	   energy              2.995565e-02    6.799661e-06    2.995565e-04 
	   displacement        3.321890e-04    3.321890e-04    3.321890e-10 
 2
 Nonlinear solution status: time= 0.3
	stiffness updates             = 1
	right hand side evaluations   = 3
	stiffness matrix reformations = 1
	step from line search         = 1.000000
	convergence norms :     INITIAL         CURRENT         REQUIRED
	   residual            5.505412e+00    1.280294e-05    0.000000e+00 
	   energy              2.995565e-02    2.321212e-08    2.995565e-04 
	   displacement        3.321890e-04    4.585061e-09    3.321818e-10 
 3
 Nonlinear solution status: time= 0.3
	stiffness updates             = 2
	right hand side evaluations   = 4
	stiffness matrix reformations = 1
	step from line search         = 1.000000
	convergence norms :     INITIAL         CURRENT         REQUIRED
	   residual            5.505412e+00    4.829396e-07    0.000000e+00 
	   energy              2.995565e-02    6.778607e-09    2.995565e-04 
	   displacement        3.321890e-04    2.192999e-10    3.321542e-10 

convergence summary
    number of iterations   : 3
    number of reformations : 1

------- converged at time : 0.3


===== beginning time step 4 : 0.4 =====


Reforming stiffness matrix: reformation #1

 1
 Nonlinear solution status: time= 0.4
	stiffness updates             = 0
	right hand side evaluations   = 2
	stiffness matrix reformations = 1
	step from line search         = 1.000000
	convergence norms :     INITIAL         CURRENT         REQUIRED
	   residual            1.716504e+01    4.088314e-04    0.000000e+00 
	   energy              8.271447e-02    3.237982e-06    8.271447e-04 
	   displacement        8.379087e-04    8.379087e-04    8.379087e-10 
 2
 Nonlinear solution status: time= 0.4
	stiffness updates             = 1
	right hand side evaluations   = 3
	stiffness matrix reformations = 1
	step from line search         = 1.000000
	convergence norms :     INITIAL         CURRENT         REQUIRED
	   residual            1.716504e+01    5.222343e-06    0.000000e+00 
	   energy              8.271447e-02    4.102960e-08    8.271447e-04 
	   displacement        8.379087e-04    2.090020e-09    8.378447e-10 
 3
 Nonlinear solution status: time= 0.4
	stiffness updates             = 2
	right hand side evaluations   = 4
	stiffness matrix reformations = 1
	step from line search         = 1.000000
	convergence norms :     INITIAL         CURRENT         REQUIRED
	   residual            1.716504e+01    5.534233e-08    0.000000e+00 
	   energy              8.271447e-02    3.939569e-10    8.271447e-04 
	   displacement        8.379087e-04    3.337210e-11    8.378227e-10 

convergence summary
    number of iterations   : 3
    number of reformations : 1

------- converged at time : 0.4


===== beginning time step 5 : 0.5 =====


Reforming stiffness matrix: reformation #1

 1
 Nonlinear solution status: time= 0.5
	stiffness updates             = 0
	right hand side evaluations   = 2
	stiffness matrix reformations = 1
	step from line search         = 1.000000
	convergence norms :     INITIAL         CURRENT         REQUIRED
	   residual            3.990284e+01    8.768117e-04    0.000000e+00 
	   energy              1.769291e-01    1.360740e-05    1.769291e-03 
	   displacement        1.656381e-03    1.656381e-03    1.656381e-09 
 2
 Nonlinear solution status: time= 0.5
	stiffness updates             = 1
	right hand side evaluations   = 3
	stiffness matrix reformations = 1
	step from line search         = 1.000000
	convergence norms :     INITIAL         CURRENT         REQUIRED
	   residual            3.990284e+01    1.029327e-05    0.000000e+00 
	   energy              1.769291e-01    9.160016e-08    1.769291e-03 
	   displacement        1.656381e-03    4.265657e-09    1.656354e-09 
 3
 Nonlinear solution status: time= 0.5
	stiffness updates             = 2
	right hand side evaluations   = 4
	stiffness matrix reformations = 1
	step from line search         = 1.000000
	convergence norms :     INITIAL         CURRENT         REQUIRED
	   residual            3.990284e+01    9.755440e-08    0.000000e+00 
	   energy              1.769291e-01    2.089279e-10    1.769291e-03 
	   displacement        1.656381e-03    5.799201e-11    1.656333e-09 

convergence summary
    number of iterations   : 3
    number of reformations : 1

------- converged at time : 0.5


===== beginning time step 6 : 0.6 =====


Reforming stiffness matrix: reformation #1

 1
 Nonlinear solution status: time= 0.6
	stiffness updates             = 0
	right hand side evaluations   = 2
	stiffness matrix reformations = 1
	step from line search         = 1.000000
	convergence norms :     INITIAL         CURRENT         REQUIRED
	   residual            7.795328e+01    1.593421e-03    0.000000e+00 
	   energy              3.245029e-01    1.485765e-05    3.245029e-03 
	   displacement        2.851392e-03    2.851392e-03    2.851392e-09 
 2
 Nonlinear solution status: time= 0.6
	stiffness updates             = 1
	right hand side evaluations   = 3
	stiffness matrix reformations = 1
	step from line search         = 1.000000
	convergence norms :     INITIAL         CURRENT         REQUIRED
	   residual            7.795328e+01    2.387106e-05    0.000000e+00 
	   energy              3.245029e-01    2.970147e-07    3.245029e-03 
	   displacement        2.851392e-03    8.500471e-09    2.851348e-09 
 3
 Nonlinear solution status: time= 0.6
	stiffness updates             = 2
	right hand side evaluations   = 4
	stiffness matrix reformations = 1
	step from line search         = 1.000000
	convergence norms :     INITIAL         CURRENT         REQUIRED
	   residual            7.795328e+01    2.759687e-07    0.000000e+00 
	   energy              3.245029e-01    7.780698e-10    3.245029e-03 
	   displacement        2.851392e-03    1.815913e-10    2.851304e-09 

convergence summary
    number of iterations   : 3
    number of reformations : 1

------- converged at time : 0.6


===== beginning time step 7 : 0.7 =====


Reforming stiffness matrix: reformation #1

 1
 Nonlinear solution status: time= 0.7
	stiffness updates             = 0
	right hand side evaluations   = 2
	stiffness matrix reformations = 1
	step from line search         = 1.000000
	convergence norms :     INITIAL         CURRENT         REQUIRED
	   residual            1.313806e+02    5.009827e-05    0.000000e+00 
	   energy              5.299125e-01    2.148711e-05    5.299125e-03 
	   displacement        4.531518e-03    4.531518e-03    4.531518e-09 
 2
 Nonlinear solution status: time= 0.7
	stiffness updates             = 1
	right hand side evaluations   = 3
	stiffness matrix reformations = 1
	step from line search         = 1.000000
	convergence norms :     INITIAL         CURRENT         REQUIRED
	   residual            1.313806e+02    8.695263e-07    0.000000e+00 
	   energy              5.299125e-01    1.304671e-08    5.299125e-03 
	   displacement        4.531518e-03    4.014441e-10    4.530999e-09 

convergence summary
    number of iterations   : 2
    number of reformations : 1

------- converged at time : 0.7


===== beginning time step 8 : 0.8 =====


Reforming stiffness matrix: reformation #1

 1
 Nonlinear solution status: time= 0.8
	stiffness updates             = 0
	right hand side evaluations   = 2
	stiffness matrix reformations = 1
	step from line search         = 1.000000
	convergence norms :     INITIAL         CURRENT         REQUIRED
	   residual            1.991297e+02    7.525684e-06    0.000000e+00 
	   energy              7.869340e-01    2.586798e-05    7.869340e-03 
	   displacement        6.673299e-03    6.673299e-03    6.673299e-09 
 2
 Nonlinear solution status: time= 0.8
	stiffness updates             = 1
	right hand side evaluations   = 3
	stiffness matrix reformations = 1
	step from line search         = 1.000000
	convergence norms :     INITIAL         CURRENT         REQUIRED
	   residual            1.991297e+02    3.245925e-08    0.000000e+00 
	   energy              7.869340e-01    9.275040e-10    7.869340e-03 
	   displacement        6.673299e-03    9.585250e-11    6.672552e-09 

convergence summary
    number of iterations   : 2
    number of reformations : 1

------- converged at time : 0.8


===== beginning time step 9 : 0.9 =====


Reforming stiffness matrix: reformation #1

 1
 Nonlinear solution status: time= 0.9
	stiffness updates             = 0
	right hand side evaluations   = 2
	stiffness matrix reformations = 1
	step from line search         = 1.000000
	convergence norms :     INITIAL         CURRENT         REQUIRED
	   residual            2.828770e+02    3.030562e-06    0.000000e+00 
	   energy              1.085701e+00    3.199298e-05    1.085701e-02 
	   displacement        9.103214e-03    9.103214e-03    9.103214e-09 
 2
 Nonlinear solution status: time= 0.9
	stiffness updates             = 1
	right hand side evaluations   = 3
	stiffness matrix reformations = 1
	step from line search         = 1.000000
	convergence norms :     INITIAL         CURRENT         REQUIRED
	   residual            2.828770e+02    2.457380e-08    0.000000e+00 
	   energy              1.085701e+00    6.804015e-10    1.085701e-02 
	   displacement        9.103214e-03    8.884970e-11    9.102322e-09 

convergence summary
    number of iterations   : 2
    number of reformations : 1

------- converged at time : 0.9


===== beginning time step 10 : 1 =====


Reforming stiffness matrix: reformation #1

 1
 Nonlinear solution status: time= 1
	stiffness updates             = 0
	right hand side evaluations   = 2
	stiffness matrix reformations = 1
	step from line search         = 1.000000
	convergence norms :     INITIAL         CURRENT         REQUIRED
	   residual            3.860673e+02    8.762992e-06    0.000000e+00 
	   energy              1.418251e+00    4.005666e-05    1.418251e-02 
	   displacement        1.161316e-02    1.161316e-02    1.161316e-08 
 2
 Nonlinear solution status: time= 1
	stiffness updates             = 1
	right hand side evaluations   = 3
	stiffness matrix reformations = 1
	step from line search         = 1.000000
	convergence norms :     INITIAL         CURRENT         REQUIRED
	   residual            3.860673e+02    2.949039e-08    0.000000e+00 
	   energy              1.418251e+00    8.818701e-10    1.418251e-02 
	   displacement        1.161316e-02    1.065590e-10    1.161218e-08 

convergence summary
    number of iterations   : 2
    number of reformations : 1

------- converged at time : 1


===== beginning time step 11 : 1.1 =====


Reforming stiffness matrix: reformation #1

 1
 Nonlinear solution status: time= 1.1
	stiffness updates             = 0
	right hand side evaluations   = 2
	stiffness matrix reformations = 1
	step from line search         = 1.000000
	convergence norms :     INITIAL         CURRENT         REQUIRED
	   residual            5.048575e+02    1.889916e-05    0.000000e+00 
	   energy              1.755275e+00    4.144762e-05    1.755275e-02 
	   displacement        1.378636e-02    1.378636e-02    1.378636e-08 
 2
 Nonlinear solution status: time= 1.1
	stiffness updates             = 1
	right hand side evaluations   = 3
	stiffness matrix reformations = 1
	step from line search         = 1.000000
	convergence norms :     INITIAL         CURRENT         REQUIRED
	   residual            5.048575e+02    1.901610e-07    0.000000e+00 
	   energy              1.755275e+00    4.699546e-09    1.755275e-02 
	   displacement        1.378636e-02    2.391361e-10    1.378556e-08 

convergence summary
    number of iterations   : 2
    number of reformations : 1

------- converged at time : 1.1


===== beginning time step 12 : 1.2 =====


Reforming stiffness matrix: reformation #1

 1
 Nonlinear solution status: time= 1.2
	stiffness updates             = 0
	right hand side evaluations   = 2
	stiffness matrix reformations = 1
	step from line search         = 1.000000
	convergence norms :     INITIAL         CURRENT         REQUIRED
	   residual            6.288961e+02    1.172147e-04    0.000000e+00 
	   energy              2.055390e+00    3.074462e-05    2.055390e-02 
	   displacement        1.523716e-02    1.523716e-02    1.523716e-08 
 2
 Nonlinear solution status: time= 1.2
	stiffness updates             = 1
	right hand side evaluations   = 3
	stiffness matrix reformations = 1
	step from line search         = 1.000000
	convergence norms :     INITIAL         CURRENT         REQUIRED
	   residual            6.288961e+02    1.779899e-06    0.000000e+00 
	   energy              2.055390e+00    4.621467e-08    2.055390e-02 
	   displacement        1.523716e-02    1.781221e-09    1.523642e-08 

convergence summary
    number of iterations   : 2
    number of reformations : 1

------- converged at time : 1.2


===== beginning time step 13 : 1.3 =====


Reforming stiffness matrix: reformation #1

 1
 Nonlinear solution status: time= 1.3
	stiffness updates             = 0
	right hand side evaluations   = 2
	stiffness matrix reformations = 1
	step from line search         = 1.000000
	convergence norms :     INITIAL         CURRENT         REQUIRED
	   residual            7.622355e+02    6.609254e-04    0.000000e+00 
	   energy              2.329881e+00    6.987007e-06    2.329881e-02 
	   displacement        1.610974e-02    1.610974e-02    1.610974e-08 
 2
 Nonlinear solution status: time= 1.3
	stiffness updates             = 1
	right hand side evaluations   = 3
	stiffness matrix reformations = 1
	step from line search         = 1.000000
	convergence norms :     INITIAL         CURRENT         REQUIRED
	   residual            7.622355e+02    9.338438e-06    0.000000e+00 
	   energy              2.329881e+00    1.340733e-07    2.329881e-02 
	   displacement        1.610974e-02    3.482315e-09    1.610906e-08 

convergence summary
    number of iterations   : 2
    number of reformations : 1

------- converged at time : 1.3


===== beginning time step 14 : 1.4 =====


Reforming stiffness matrix: reformation #1

 1
 Nonlinear solution status: time= 1.4
	stiffness updates             = 0
	right hand side evaluations   = 2
	stiffness matrix reformations = 1
	step from line search         = 1.000000
	convergence norms :     INITIAL         CURRENT         REQUIRED
	   residual            9.213466e+02    2.119734e-03    0.000000e+00 
	   energy              2.618562e+00    4.822672e-05    2.618562e-02 
	   displacement        1.669490e-02    1.669490e-02    1.669490e-08 
 2
 Nonlinear solution status: time= 1.4
	stiffness updates             = 1
	right hand side evaluations   = 3
	stiffness matrix reformations = 1
	step from line search         = 1.000000
	convergence norms :     INITIAL         CURRENT         REQUIRED
	   residual            9.213466e+02    7.179521e-05    0.000000e+00 
	   energy              2.618562e+00    1.246257e-06    2.618562e-02 
	   displacement        1.669490e-02    3.328657e-08    1.669501e-08 
 3
 Nonlinear solution status: time= 1.4
	stiffness updates             = 2
	right hand side evaluations   = 4
	stiffness matrix reformations = 1
	step from line search         = 1.000000
	convergence norms :     INITIAL         CURRENT         REQUIRED
	   residual            9.213466e+02    4.000635e-07    0.000000e+00 
	   energy              2.618562e+00    7.358342e-09    2.618562e-02 
	   displacement        1.669490e-02    2.301612e-09    1.669504e-08 

convergence summary
    number of iterations   : 3
    number of reformations : 1

------- converged at time : 1.4


===== beginning time step 15 : 1.5 =====


Reforming stiffness matrix: reformation #1

 1
 Nonlinear solution status: time= 1.5
	stiffness updates             = 0
	right hand side evaluations   = 2
	stiffness matrix reformations = 1
	step from line search         = 1.000000
	convergence norms :     INITIAL         CURRENT         REQUIRED
	   residual            1.107281e+03    7.272479e-03    0.000000e+00 
	   energy              2.947106e+00    1.574426e-04    2.947106e-02 
	   displacement        1.735509e-02    1.735509e-02    1.735509e-08 
 2
 Nonlinear solution status: time= 1.5
	stiffness updates             = 1
	right hand side evaluations   = 3
	stiffness matrix reformations = 1
	step from line search         = 1.000000
	convergence norms :     INITIAL         CURRENT         REQUIRED
	   residual            1.107281e+03    2.738134e-04    0.000000e+00 
	   energy              2.947106e+00    3.181155e-06    2.947106e-02 
	   displacement        1.735509e-02    6.674140e-08    1.735526e-08 
 3
 Nonlinear solution status: time= 1.5
	stiffness updates             = 2
	right hand side evaluations   = 4
	stiffness matrix reformations = 1
	step from line search         = 1.000000
	convergence norms :     INITIAL         CURRENT         REQUIRED
	   residual            1.107281e+03    7.955759e-07    0.000000e+00 
	   energy              2.947106e+00    1.389109e-08    2.947106e-02 
	   displacement        1.735509e-02    4.225657e-09    1.735508e-08 

convergence summary
    number of iterations   : 3
    number of reformations : 1

------- converged at time : 1.5


===== beginning time step 16 : 1.6 =====


Reforming stiffness matrix: reformation #1

 1
 Nonlinear solution status: time= 1.6
	stiffness updates             = 0
	right hand side evaluations   = 2
	stiffness matrix reformations = 1
	step from line search         = 1.000000
	convergence norms :     INITIAL         CURRENT         REQUIRED
	   residual            1.310671e+03    2.655050e-02    0.000000e+00 
	   energy              3.324919e+00    6.799169e-04    3.324919e-02 
	   displacement        1.829991e-02    1.829991e-02    1.829991e-08 
 2
 Nonlinear solution status: time= 1.6
	stiffness updates             = 1
	right hand side evaluations   = 3
	stiffness matrix reformations = 1
	step from line search         = 1.000000
	convergence norms :     INITIAL         CURRENT         REQUIRED
	   residual            1.310671e+03    9.400095e-04    0.000000e+00 
	   energy              3.324919e+00    1.206518e-05    3.324919e-02 
	   displacement        1.829991e-02    2.963352e-07    1.830820e-08 
 3
 Nonlinear solution status: time= 1.6
	stiffness updates             = 2
	right hand side evaluations   = 4
	stiffness matrix reformations = 1
	step from line search         = 1.000000
	convergence norms :     INITIAL         CURRENT         REQUIRED
	   residual            1.310671e+03    5.073391e-06    0.000000e+00 
	   energy              3.324919e+00    6.411293e-08    3.324919e-02 
	   displacement        1.829991e-02    1.633989e-08    1.830901e-08 

convergence summary
    number of iterations   : 3
    number of reformations : 1

------- converged at time : 1.6


===== beginning time step 17 : 1.7 =====


Reforming stiffness matrix: reformation #1

 1
 Nonlinear solution status: time= 1.7
	stiffness updates             = 0
	right hand side evaluations   = 2
	stiffness matrix reformations = 1
	step from line search         = 1.000000
	convergence norms :     INITIAL         CURRENT         REQUIRED
	   residual            1.515834e+03    1.273549e-02    0.000000e+00 
	   energy              3.731912e+00    4.443356e-04    3.731912e-02 
	   displacement        1.950158e-02    1.950158e-02    1.950158e-08 
 2
 Nonlinear solution status: time= 1.7
	stiffness updates             = 1
	right hand side evaluations   = 3
	stiffness matrix reformations = 1
	step from line search         = 1.000000
	convergence norms :     INITIAL         CURRENT         REQUIRED
	   residual            1.515834e+03    5.117999e-04    0.000000e+00 
	   energy              3.731912e+00    8.350137e-06    3.731912e-02 
	   displacement        1.950158e-02    2.498203e-07    1.951125e-08 
 3
 Nonlinear solution status: time= 1.7
	stiffness updates             = 2
	right hand side evaluations   = 4
	stiffness matrix reformations = 1
	step from line search         = 1.000000
	convergence norms :     INITIAL         CURRENT         REQUIRED
	   residual            1.515834e+03    7.743072e-06    0.000000e+00 
	   energy              3.731912e+00    1.177721e-07    3.731912e-02 
	   displacement        1.950158e-02    1.501832e-08    1.951254e-08 

convergence summary
    number of iterations   : 3
    number of reformations : 1

------- converged at time : 1.7


===== beginning time step 18 : 1.8 =====


Reforming stiffness matrix: reformation #1

 1
 Nonlinear solution status: time= 1.8
	stiffness updates             = 0
	right hand side evaluations   = 2
	stiffness matrix reformations = 1
	step from line search         = 1.000000
	convergence norms :     INITIAL         CURRENT         REQUIRED
	   residual            1.697680e+03    2.390041e-06    0.000000e+00 
	   energy              4.116001e+00    4.233138e-05    4.116001e-02 
	   displacement        2.079976e-02    2.079976e-02    2.079976e-08 
 2
 Nonlinear solution status: time= 1.8
	stiffness updates             = 1
	right hand side evaluations   = 3
	stiffness matrix reformations = 1
	step from line search         = 1.000000
	convergence norms :     INITIAL         CURRENT         REQUIRED
	   residual            1.697680e+03    1.200393e-11    0.000000e+00 
	   energy              4.116001e+00    7.675674e-12    4.116001e-02 
	   displacement        2.079976e-02    4.804858e-11    2.079953e-08 

convergence summary
    number of iterations   : 2
    number of reformations : 1

------- converged at time : 1.8


===== beginning time step 19 : 1.9 =====


Reforming stiffness matrix: reformation #1

 1
 Nonlinear solution status: time= 1.9
	stiffness updates             = 0
	right hand side evaluations   = 2
	stiffness matrix reformations = 1
	step from line search         = 1.000000
	convergence norms :     INITIAL         CURRENT         REQUIRED
	   residual            1.829692e+03    2.733792e-06    0.000000e+00 
	   energy              4.421308e+00    5.353770e-05    4.421308e-02 
	   displacement        2.200875e-02    2.200875e-02    2.200875e-08 
 2
 Nonlinear solution status: time= 1.9
	stiffness updates             = 1
	right hand side evaluations   = 3
	stiffness matrix reformations = 1
	step from line search         = 1.000000
	convergence norms :     INITIAL         CURRENT         REQUIRED
	   residual            1.829692e+03    6.390879e-12    0.000000e+00 
	   energy              4.421308e+00    3.913644e-12    4.421308e-02 
	   displacement        2.200875e-02    6.875030e-11    2.200835e-08 

convergence summary
    number of iterations   : 2
    number of reformations : 1

------- converged at time : 1.9


===== beginning time step 20 : 2 =====


Reforming stiffness matrix: reformation #1

 1
 Nonlinear solution status: time= 2
	stiffness updates             = 0
	right hand side evaluations   = 2
	stiffness matrix reformations = 1
	step from line search         = 1.000000
	convergence norms :     INITIAL         CURRENT         REQUIRED
	   residual            1.895482e+03    6.263016e-06    0.000000e+00 
	   energy              4.603369e+00    7.683493e-05    4.603369e-02 
	   displacement        2.290594e-02    2.290594e-02    2.290594e-08 
 2
 Nonlinear solution status: time= 2
	stiffness updates             = 1
	right hand side evaluations   = 3
	stiffness matrix reformations = 1
	step from line search         = 1.000000
	convergence norms :     INITIAL         CURRENT         REQUIRED
	   residual            1.895482e+03    2.429944e-11    0.000000e+00 
	   energy              4.603369e+00    2.062134e-11    4.603369e-02 
	   displacement        2.290594e-02    1.184312e-10    2.290527e-08 

convergence summary
    number of iterations   : 2
    number of reformations : 1

------- converged at time : 2


===== beginning time step 21 : 2.1 =====


Reforming stiffness matrix: reformation #1

 1
 Nonlinear solution status: time= 2.1
	stiffness updates             = 0
	right hand side evaluations   = 2
	stiffness matrix reformations = 1
	step from line search         = 1.000000
	convergence norms :     INITIAL         CURRENT         REQUIRED
	   residual            1.890547e+03    6.957311e-06    0.000000e+00 
	   energy              4.624611e+00    9.055387e-05    4.624611e-02 
	   displacement        2.324073e-02    2.324073e-02    2.324073e-08 
 2
 Nonlinear solution status: time= 2.1
	stiffness updates             = 1
	right hand side evaluations   = 3
	stiffness matrix reformations = 1
	step from line search         = 1.000000
	convergence norms :     INITIAL         CURRENT         REQUIRED
	   residual            1.890547e+03    1.222887e-11    0.000000e+00 
	   energy              4.624611e+00    1.066586e-11    4.624611e-02 
	   displacement        2.324073e-02    1.174697e-10    2.323992e-08 

convergence summary
    number of iterations   : 2
    number of reformations : 1

------- converged at time : 2.1


===== beginning time step 22 : 2.2 =====


Reforming stiffness matrix: reformation #1

 1
 Nonlinear solution status: time= 2.2
	stiffness updates             = 0
	right hand side evaluations   = 2
	stiffness matrix reformations = 1
	step from line search         = 1.000000
	convergence norms :     INITIAL         CURRENT         REQUIRED
	   residual            1.811997e+03    6.179013e-06    0.000000e+00 
	   energy              4.476322e+00    8.195867e-05    4.476322e-02 
	   displacement        2.295329e-02    2.295329e-02    2.295329e-08 
 2
 Nonlinear solution status: time= 2.2
	stiffness updates             = 1
	right hand side evaluations   = 3
	stiffness matrix reformations = 1
	step from line search         = 1.000000
	convergence norms :     INITIAL         CURRENT         REQUIRED
	   residual            1.811997e+03    1.778705e-11    0.000000e+00 
	   energy              4.476322e+00    9.646405e-12    4.476322e-02 
	   displacement        2.295329e-02    1.000416e-10    2.295263e-08 

convergence summary
    number of iterations   : 2
    number of reformations : 1

------- converged at time : 2.2


===== beginning time step 23 : 2.3 =====


Reforming stiffness matrix: reformation #1

 1
 Nonlinear solution status: time= 2.3
	stiffness updates             = 0
	right hand side evaluations   = 2
	stiffness matrix reformations = 1
	step from line search         = 1.000000
	convergence norms :     INITIAL         CURRENT         REQUIRED
	   residual            1.670166e+03    3.581464e-06    0.000000e+00 
	   energy              4.193739e+00    5.292406e-05    4.193739e-02 
	   displacement        2.221232e-02    2.221232e-02    2.221232e-08 
 2
 Nonlinear solution status: time= 2.3
	stiffness updates             = 1
	right hand side evaluations   = 3
	stiffness matrix reformations = 1
	step from line search         = 1.000000
	convergence norms :     INITIAL         CURRENT         REQUIRED
	   residual            1.670166e+03    7.467797e-12    0.000000e+00 
	   energy              4.193739e+00    2.642869e-12    4.193739e-02 
	   displacement        2.221232e-02    7.392959e-11    2.221201e-08 

convergence summary
    number of iterations   : 2
    number of reformations : 1

------- converged at time : 2.3


===== beginning time step 24 : 2.4 =====


Reforming stiffness matrix: reformation #1

 1
 Nonlinear solution status: time= 2.4
	stiffness updates             = 0
	right hand side evaluations   = 2
	stiffness matrix reformations = 1
	step from line search         = 1.000000
	convergence norms :     INITIAL         CURRENT         REQUIRED
	   residual            1.494176e+03    1.788714e-06    0.000000e+00 
	   energy              3.833830e+00    3.068626e-05    3.833830e-02 
	   displacement        2.120962e-02    2.120962e-02    2.120962e-08 
 2
 Nonlinear solution status: time= 2.4
	stiffness updates             = 1
	right hand side evaluations   = 3
	stiffness matrix reformations = 1
	step from line search         = 1.000000
	convergence norms :     INITIAL         CURRENT         REQUIRED
	   residual            1.494176e+03    2.968663e-12    0.000000e+00 
	   energy              3.833830e+00    1.029101e-13    3.833830e-02 
	   displacement        2.120962e-02    4.651783e-11    2.120947e-08 

convergence summary
    number of iterations   : 2
    number of reformations : 1

------- converged at time : 2.4


===== beginning time step 25 : 2.5 =====


Reforming stiffness matrix: reformation #1

 1
 Nonlinear solution status: time= 2.5
	stiffness updates             = 0
	right hand side evaluations   = 2
	stiffness matrix reformations = 1
	step from line search         = 1.000000
	convergence norms :     INITIAL         CURRENT         REQUIRED
	   residual            1.309955e+03    9.339528e-07    0.000000e+00 
	   energy              3.452351e+00    2.696666e-05    3.452351e-02 
	   displacement        2.005554e-02    2.005554e-02    2.005554e-08 
 2
 Nonlinear solution status: time= 2.5
	stiffness updates             = 1
	right hand side evaluations   = 3
	stiffness matrix reformations = 1
	step from line search         = 1.000000
	convergence norms :     INITIAL         CURRENT         REQUIRED
	   residual            1.309955e+03    2.906705e-12    0.000000e+00 
	   energy              3.452351e+00    1.948448e-12    3.452351e-02 
	   displacement        2.005554e-02    1.951212e-11    2.005528e-08 

convergence summary
    number of iterations   : 2
    number of reformations : 1

------- converged at time : 2.5


===== beginning time step 26 : 2.6 =====


Reforming stiffness matrix: reformation #1

 1
 Nonlinear solution status: time= 2.6
	stiffness updates             = 0
	right hand side evaluations   = 2
	stiffness matrix reformations = 1
	step from line search         = 1.000000
	convergence norms :     INITIAL         CURRENT         REQUIRED
	   residual            1.138278e+03    4.029410e-07    0.000000e+00 
	   energy              3.100298e+00    2.489605e-05    3.100298e-02 
	   displacement        1.888760e-02    1.888760e-02    1.888760e-08 
 2
 Nonlinear solution status: time= 2.6
	stiffness updates             = 1
	right hand side evaluations   = 3
	stiffness matrix reformations = 1
	step from line search         = 1.000000
	convergence norms :     INITIAL         CURRENT         REQUIRED
	   residual            1.138278e+03    7.631507e-13    0.000000e+00 
	   energy              3.100298e+00    9.754883e-13    3.100298e-02 
	   displacement        1.888760e-02    1.020921e-11    1.888723e-08 

convergence summary
    number of iterations   : 2
    number of reformations : 1

------- converged at time : 2.6


===== beginning time step 27 : 2.7 =====


Reforming stiffness matrix: reformation #1

 1
 Nonlinear solution status: time= 2.7
	stiffness updates             = 0
	right hand side evaluations   = 2
	stiffness matrix reformations = 1
	step from line search         = 1.000000
	convergence norms :     INITIAL         CURRENT         REQUIRED
	   residual            9.911692e+02    5.654179e-07    0.000000e+00 
	   energy              2.799750e+00    1.757706e-05    2.799750e-02 
	   displacement        1.781162e-02    1.781162e-02    1.781162e-08 
 2
 Nonlinear solution status: time= 2.7
	stiffness updates             = 1
	right hand side evaluations   = 3
	stiffness matrix reformations = 1
	step from line search         = 1.000000
	convergence norms :     INITIAL         CURRENT         REQUIRED
	   residual            9.911692e+02    1.307439e-12    0.000000e+00 
	   energy              2.799750e+00    1.625760e-12    2.799750e-02 
	   displacement        1.781162e-02    1.226618e-11    1.781128e-08 

convergence summary
    number of iterations   : 2
    number of reformations : 1

------- converged at time : 2.7


===== beginning time step 28 : 2.8 =====


Reforming stiffness matrix: reformation #1

 1
 Nonlinear solution status: time= 2.8
	stiffness updates             = 0
	right hand side evaluations   = 2
	stiffness matrix reformations = 1
	step from line search         = 1.000000
	convergence norms :     INITIAL         CURRENT         REQUIRED
	   residual            8.640386e+02    1.164903e-06    0.000000e+00 
	   energy              2.530308e+00    9.966773e-06    2.530308e-02 
	   displacement        1.676329e-02    1.676329e-02    1.676329e-08 
 2
 Nonlinear solution status: time= 2.8
	stiffness updates             = 1
	right hand side evaluations   = 3
	stiffness matrix reformations = 1
	step from line search         = 1.000000
	convergence norms :     INITIAL         CURRENT         REQUIRED
	   residual            8.640386e+02    2.602135e-12    0.000000e+00 
	   energy              2.530308e+00    2.125999e-12    2.530308e-02 
	   displacement        1.676329e-02    1.723625e-11    1.676297e-08 

convergence summary
    number of iterations   : 2
    number of reformations : 1

------- converged at time : 2.8


===== beginning time step 29 : 2.9 =====


Reforming stiffness matrix: reformation #1

 1
 Nonlinear solution status: time= 2.9
	stiffness updates             = 0
	right hand side evaluations   = 2
	stiffness matrix reformations = 1
	step from line search         = 1.000000
	convergence norms :     INITIAL         CURRENT         REQUIRED
	   residual            7.398931e+02    1.320232e-06    0.000000e+00 
	   energy              2.247674e+00    1.091020e-05    2.247674e-02 
	   displacement        1.551296e-02    1.551296e-02    1.551296e-08 
 2
 Nonlinear solution status: time= 2.9
	stiffness updates             = 1
	right hand side evaluations   = 3
	stiffness matrix reformations = 1
	step from line search         = 1.000000
	convergence norms :     INITIAL         CURRENT         REQUIRED
	   residual            7.398931e+02    1.593085e-12    0.000000e+00 
	   energy              2.247674e+00    1.761338e-12    2.247674e-02 
	   displacement        1.551296e-02    2.286605e-11    1.551257e-08 

convergence summary
    number of iterations   : 2
    number of reformations : 1

------- converged at time : 2.9


===== beginning time step 30 : 3 =====


Reforming stiffness matrix: reformation #1

 1
 Nonlinear solution status: time= 3
	stiffness updates             = 0
	right hand side evaluations   = 2
	stiffness matrix reformations = 1
	step from line search         = 1.000000
	convergence norms :     INITIAL         CURRENT         REQUIRED
	   residual            6.065023e+02    1.788291e-06    0.000000e+00 
	   energy              1.917439e+00    2.330289e-05    1.917439e-02 
	   displacement        1.379757e-02    1.379757e-02    1.379757e-08 
 2
 Nonlinear solution status: time= 3
	stiffness updates             = 1
	right hand side evaluations   = 3
	stiffness matrix reformations = 1
	step from line search         = 1.000000
	convergence norms :     INITIAL         CURRENT         REQUIRED
	   residual            6.065023e+02    3.101707e-12    0.000000e+00 
	   energy              1.917439e+00    3.219946e-12    1.917439e-02 
	   displacement        1.379757e-02    3.136626e-11    1.379698e-08 

convergence summary
    number of iterations   : 2
    number of reformations : 1

------- converged at time : 3


===== beginning time step 31 : 3.1 =====


Reforming stiffness matrix: reformation #1

 1
 Nonlinear solution status: time= 3.1
	stiffness updates             = 0
	right hand side evaluations   = 2
	stiffness matrix reformations = 1
	step from line search         = 1.000000
	convergence norms :     INITIAL         CURRENT         REQUIRED
	   residual            4.649044e+02    1.663760e-06    0.000000e+00 
	   energy              1.526107e+00    3.362196e-05    1.526107e-02 
	   displacement        1.134514e-02    1.134514e-02    1.134514e-08 
 2
 Nonlinear solution status: time= 3.1
	stiffness updates             = 1
	right hand side evaluations   = 3
	stiffness matrix reformations = 1
	step from line search         = 1.000000
	convergence norms :     INITIAL         CURRENT         REQUIRED
	   residual            4.649044e+02    2.477477e-12    0.000000e+00 
	   energy              1.526107e+00    2.774038e-12    1.526107e-02 
	   displacement        1.134514e-02    3.330593e-11    1.134445e-08 

convergence summary
    number of iterations   : 2
    number of reformations : 1

------- converged at time : 3.1


===== beginning time step 32 : 3.2 =====


Reforming stiffness matrix: reformation #1

 1
 Nonlinear solution status: time= 3.2
	stiffness updates             = 0
	right hand side evaluations   = 2
	stiffness matrix reformations = 1
	step from line search         = 1.000000
	convergence norms :     INITIAL         CURRENT         REQUIRED
	   residual            3.225368e+02    1.057031e-06    0.000000e+00 
	   energy              1.090364e+00    2.990031e-05    1.090364e-02 
	   displacement        8.266176e-03    8.266176e-03    8.266176e-09 
 2
 Nonlinear solution status: time= 3.2
	stiffness updates             = 1
	right hand side evaluations   = 3
	stiffness matrix reformations = 1
	step from line search         = 1.000000
	convergence norms :     INITIAL         CURRENT         REQUIRED
	   residual            3.225368e+02    9.327160e-13    0.000000e+00 
	   energy              1.090364e+00    1.593682e-12    1.090364e-02 
	   displacement        8.266176e-03    2.450226e-11    8.265645e-09 

convergence summary
    number of iterations   : 2
    number of reformations : 1

------- converged at time : 3.2


===== beginning time step 33 : 3.3 =====


Reforming stiffness matrix: reformation #1

 1
 Nonlinear solution status: time= 3.3
	stiffness updates             = 0
	right hand side evaluations   = 2
	stiffness matrix reformations = 1
	step from line search         = 1.000000
	convergence norms :     INITIAL         CURRENT         REQUIRED
	   residual            1.898622e+02    4.651955e-07    0.000000e+00 
	   energy              6.619790e-01    1.495082e-05    6.619790e-03 
	   displacement        5.121703e-03    5.121703e-03    5.121703e-09 
 2
 Nonlinear solution status: time= 3.3
	stiffness updates             = 1
	right hand side evaluations   = 3
	stiffness matrix reformations = 1
	step from line search         = 1.000000
	convergence norms :     INITIAL         CURRENT         REQUIRED
	   residual            1.898622e+02    3.948146e-13    0.000000e+00 
	   energy              6.619790e-01    6.957385e-13    6.619790e-03 
	   displacement        5.121703e-03    1.171774e-11    5.121438e-09 

convergence summary
    number of iterations   : 2
    number of reformations : 1

------- converged at time : 3.3


===== beginning time step 34 : 3.4 =====


Reforming stiffness matrix: reformation #1

 1
 Nonlinear solution status: time= 3.4
	stiffness updates             = 0
	right hand side evaluations   = 2
	stiffness matrix reformations = 1
	step from line search         = 1.000000
	convergence norms :     INITIAL         CURRENT         REQUIRED
	   residual            8.406220e+01    2.584310e-07    0.000000e+00 
	   energy              3.094019e-01    3.166361e-06    3.094019e-03 
	   displacement        2.471019e-03    2.471019e-03    2.471019e-09 
 2
 Nonlinear solution status: time= 3.4
	stiffness updates             = 1
	right hand side evaluations   = 3
	stiffness matrix reformations = 1
	step from line search         = 1.000000
	convergence norms :     INITIAL         CURRENT         REQUIRED
	   residual            8.406220e+01    4.400518e-13    0.000000e+00 
	   energy              3.094019e-01    6.089324e-13    3.094019e-03 
	   displacement        2.471019e-03    5.883600e-12    2.470921e-09 

convergence summary
    number of iterations   : 2
    number of reformations : 1

------- converged at time : 3.4


===== beginning time step 35 : 3.5 =====


Reforming stiffness matrix: reformation #1

 1
 Nonlinear solution status: time= 3.5
	stiffness updates             = 0
	right hand side evaluations   = 2
	stiffness matrix reformations = 1
	step from line search         = 1.000000
	convergence norms :     INITIAL         CURRENT         REQUIRED
	   residual            2.345468e+01    3.252136e-07    0.000000e+00 
	   energy              8.959210e-02    1.737721e-06    8.959210e-04 
	   displacement        7.209844e-04    7.209844e-04    7.209844e-10 
 2
 Nonlinear solution status: time= 3.5
	stiffness updates             = 1
	right hand side evaluations   = 3
	stiffness matrix reformations = 1
	step from line search         = 1.000000
	convergence norms :     INITIAL         CURRENT         REQUIRED
	   residual            2.345468e+01    2.539389e-13    0.000000e+00 
	   energy              8.959210e-02    5.512906e-13    8.959210e-04 
	   displacement        7.209844e-04    4.198283e-12    7.209346e-10 

convergence summary
    number of iterations   : 2
    number of reformations : 1

------- converged at time : 3.5


===== beginning time step 36 : 3.6 =====


Reforming stiffness matrix: reformation #1

 1
 Nonlinear solution status: time= 3.6
	stiffness updates             = 0
	right hand side evaluations   = 2
	stiffness matrix reformations = 1
	step from line search         = 1.000000
	convergence norms :     INITIAL         CURRENT         REQUIRED
	   residual            1.178316e+01    2.970403e-07    0.000000e+00 
	   energy              3.281287e-02    3.440986e-06    3.281287e-04 
	   displacement        1.808924e-04    1.808924e-04    1.808924e-10 
 2
 Nonlinear solution status: time= 3.6
	stiffness updates             = 1
	right hand side evaluations   = 3
	stiffness matrix reformations = 1
	step from line search         = 1.000000
	convergence norms :     INITIAL         CURRENT         REQUIRED
	   residual            1.178316e+01    1.198180e-13    0.000000e+00 
	   energy              3.281287e-02    2.682367e-13    3.281287e-04 
	   displacement        1.808924e-04    4.253545e-12    1.808550e-10 

convergence summary
    number of iterations   : 2
    number of reformations : 1

------- converged at time : 3.6


===== beginning time step 37 : 3.7 =====


Reforming stiffness matrix: reformation #1

 1
 Nonlinear solution status: time= 3.7
	stiffness updates             = 0
	right hand side evaluations   = 2
	stiffness matrix reformations = 1
	step from line search         = 1.000000
	convergence norms :     INITIAL         CURRENT         REQUIRED
	   residual            4.240141e+01    1.738480e-07    0.000000e+00 
	   energy              1.381960e-01    2.363483e-06    1.381960e-03 
	   displacement        9.615187e-04    9.615187e-04    9.615187e-10 
 2
 Nonlinear solution status: time= 3.7
	stiffness updates             = 1
	right hand side evaluations   = 3
	stiffness matrix reformations = 1
	step from line search         = 1.000000
	convergence norms :     INITIAL         CURRENT         REQUIRED
	   residual            4.240141e+01    2.003375e-13    0.000000e+00 
	   energy              1.381960e-01    3.326244e-13    1.381960e-03 
	   displacement        9.615187e-04    2.976496e-12    9.614815e-10 

convergence summary
    number of iterations   : 2
    number of reformations : 1

------- converged at time : 3.7


===== beginning time step 38 : 3.8 =====


Reforming stiffness matrix: reformation #1

 1
 Nonlinear solution status: time= 3.8
	stiffness updates             = 0
	right hand side evaluations   = 2
	stiffness matrix reformations = 1
	step from line search         = 1.000000
	convergence norms :     INITIAL         CURRENT         REQUIRED
	   residual            1.071540e+02    3.798616e-07    0.000000e+00 
	   energy              3.793590e-01    1.227672e-06    3.793590e-03 
	   displacement        2.882506e-03    2.882506e-03    2.882506e-09 
 2
 Nonlinear solution status: time= 3.8
	stiffness updates             = 1
	right hand side evaluations   = 3
	stiffness matrix reformations = 1
	step from line search         = 1.000000
	convergence norms :     INITIAL         CURRENT         REQUIRED
	   residual            1.071540e+02    2.689641e-13    0.000000e+00 
	   energy              3.793590e-01    6.135166e-13    3.793590e-03 
	   displacement        2.882506e-03    5.782400e-12    2.882469e-09 

convergence summary
    number of iterations   : 2
    number of reformations : 1

------- converged at time : 3.8


===== beginning time step 39 : 3.9 =====


Reforming stiffness matrix: reformation #1

 1
 Nonlinear solution status: time= 3.9
	stiffness updates             = 0
	right hand side evaluations   = 2
	stiffness matrix reformations = 1
	step from line search         = 1.000000
	convergence norms :     INITIAL         CURRENT         REQUIRED
	   residual            1.931375e+02    6.763011e-07    0.000000e+00 
	   energy              7.040095e-01    1.278164e-06    7.040095e-03 
	   displacement        5.554079e-03    5.554079e-03    5.554079e-09 
 2
 Nonlinear solution status: time= 3.9
	stiffness updates             = 1
	right hand side evaluations   = 3
	stiffness matrix reformations = 1
	step from line search         = 1.000000
	convergence norms :     INITIAL         CURRENT         REQUIRED
	   residual            1.931375e+02    2.337716e-13    0.000000e+00 
	   energy              7.040095e-01    7.390556e-13    7.040095e-03 
	   displacement        5.554079e-03    1.036005e-11    5.554040e-09 

convergence summary
    number of iterations   : 2
    number of reformations : 1

------- converged at time : 3.9


===== beginning time step 40 : 4 =====


Reforming stiffness matrix: reformation #1

 1
 Nonlinear solution status: time= 4
	stiffness updates             = 0
	right hand side evaluations   = 2
	stiffness matrix reformations = 1
	step from line search         = 1.000000
	convergence norms :     INITIAL         CURRENT         REQUIRED
	   residual            2.871432e+02    9.235094e-07    0.000000e+00 
	   energy              1.048983e+00    5.426863e-07    1.048983e-02 
	   displacement        8.411462e-03    8.411462e-03    8.411462e-09 
 2
 Nonlinear solution status: time= 4
	stiffness updates             = 1
	right hand side evaluations   = 3
	stiffness matrix reformations = 1
	step from line search         = 1.000000
	convergence norms :     INITIAL         CURRENT         REQUIRED
	   residual            2.871432e+02    3.209853e-13    0.000000e+00 
	   energy              1.048983e+00    1.136239e-12    1.048983e-02 
	   displacement        8.411462e-03    1.492332e-11    8.411480e-09 

convergence summary
    number of iterations   : 2
    number of reformations : 1

------- converged at time : 4


===== beginning time step 41 : 4.1 =====


Reforming stiffness matrix: reformation #1

 1
 Nonlinear solution status: time= 4.1
	stiffness updates             = 0
	right hand side evaluations   = 2
	stiffness matrix reformations = 1
	step from line search         = 1.000000
	convergence norms :     INITIAL         CURRENT         REQUIRED
	   residual            3.852005e+02    9.145772e-07    0.000000e+00 
	   energy              1.371712e+00    1.748390e-07    1.371712e-02 
	   displacement        1.087398e-02    1.087398e-02    1.087398e-08 
 2
 Nonlinear solution status: time= 4.1
	stiffness updates             = 1
	right hand side evaluations   = 3
	stiffness matrix reformations = 1
	step from line search         = 1.000000
	convergence norms :     INITIAL         CURRENT         REQUIRED
	   residual            3.852005e+02    3.760312e-13    0.000000e+00 
	   energy              1.371712e+00    1.422897e-12    1.371712e-02 
	   displacement        1.087398e-02    1.899249e-11    1.087401e-08 

convergence summary
    number of iterations   : 2
    number of reformations : 1

------- converged at time : 4.1


===== beginning time step 42 : 4.2 =====


Reforming stiffness matrix: reformation #1

 1
 Nonlinear solution status: time= 4.2
	stiffness updates             = 0
	right hand side evaluations   = 2
	stiffness matrix reformations = 1
	step from line search         = 1.000000
	convergence norms :     INITIAL         CURRENT         REQUIRED
	   residual            4.871363e+02    7.036329e-07    0.000000e+00 
	   energy              1.658362e+00    4.361194e-06    1.658362e-02 
	   displacement        1.271049e-02    1.271049e-02    1.271049e-08 
 2
 Nonlinear solution status: time= 4.2
	stiffness updates             = 1
	right hand side evaluations   = 3
	stiffness matrix reformations = 1
	step from line search         = 1.000000
	convergence norms :     INITIAL         CURRENT         REQUIRED
	   residual            4.871363e+02    2.252814e-13    0.000000e+00 
	   energy              1.658362e+00    8.533324e-13    1.658362e-02 
	   displacement        1.271049e-02    1.506457e-11    1.271049e-08 

convergence summary
    number of iterations   : 2
    number of reformations : 1

------- converged at time : 4.2


===== beginning time step 43 : 4.3 =====


Reforming stiffness matrix: reformation #1

 1
 Nonlinear solution status: time= 4.3
	stiffness updates             = 0
	right hand side evaluations   = 2
	stiffness matrix reformations = 1
	step from line search         = 1.000000
	convergence norms :     INITIAL         CURRENT         REQUIRED
	   residual            5.999887e+02    5.888798e-07    0.000000e+00 
	   energy              1.921864e+00    7.693367e-06    1.921864e-02 
	   displacement        1.398854e-02    1.398854e-02    1.398854e-08 
 2
 Nonlinear solution status: time= 4.3
	stiffness updates             = 1
	right hand side evaluations   = 3
	stiffness matrix reformations = 1
	step from line search         = 1.000000
	convergence norms :     INITIAL         CURRENT         REQUIRED
	   residual            5.999887e+02    2.693365e-13    0.000000e+00 
	   energy              1.921864e+00    7.717860e-13    1.921864e-02 
	   displacement        1.398854e-02    1.204802e-11    1.398850e-08 

convergence summary
    number of iterations   : 2
    number of reformations : 1

------- converged at time : 4.3


===== beginning time step 44 : 4.4 =====


Reforming stiffness matrix: reformation #1

 1
 Nonlinear solution status: time= 4.4
	stiffness updates             = 0
	right hand side evaluations   = 2
	stiffness matrix reformations = 1
	step from line search         = 1.000000
	convergence norms :     INITIAL         CURRENT         REQUIRED
	   residual            7.414568e+02    2.539103e-07    0.000000e+00 
	   energy              2.199147e+00    5.870161e-06    2.199147e-02 
	   displacement        1.481955e-02    1.481955e-02    1.481955e-08 
 2
 Nonlinear solution status: time= 4.4
	stiffness updates             = 1
	right hand side evaluations   = 3
	stiffness matrix reformations = 1
	step from line search         = 1.000000
	convergence norms :     INITIAL         CURRENT         REQUIRED
	   residual            7.414568e+02    1.468181e-13    0.000000e+00 
	   energy              2.199147e+00    4.180172e-13    2.199147e-02 
	   displacement        1.481955e-02    6.092491e-12    1.481946e-08 

convergence summary
    number of iterations   : 2
    number of reformations : 1

------- converged at time : 4.4


===== beginning time step 45 : 4.5 =====


Reforming stiffness matrix: reformation #1

 1
 Nonlinear solution status: time= 4.5
	stiffness updates             = 0
	right hand side evaluations   = 2
	stiffness matrix reformations = 1
	step from line search         = 1.000000
	convergence norms :     INITIAL         CURRENT         REQUIRED
	   residual            9.268825e+02    2.730276e-07    0.000000e+00 
	   energy              2.534587e+00    1.571847e-06    2.534587e-02 
	   displacement        1.545997e-02    1.545997e-02    1.545997e-08 
 2
 Nonlinear solution status: time= 4.5
	stiffness updates             = 1
	right hand side evaluations   = 3
	stiffness matrix reformations = 1
	step from line search         = 1.000000
	convergence norms :     INITIAL         CURRENT         REQUIRED
	   residual            9.268825e+02    1.026527e-13    0.000000e+00 
	   energy              2.534587e+00    2.910635e-13    2.534587e-02 
	   displacement        1.545997e-02    5.424036e-12    1.545986e-08 

convergence summary
    number of iterations   : 2
    number of reformations : 1

------- converged at time : 4.5


===== beginning time step 46 : 4.6 =====


Reforming stiffness matrix: reformation #1

 1
 Nonlinear solution status: time= 4.6
	stiffness updates             = 0
	right hand side evaluations   = 2
	stiffness matrix reformations = 1
	step from line search         = 1.000000
	convergence norms :     INITIAL         CURRENT         REQUIRED
	   residual            1.153194e+03    4.695145e-07    0.000000e+00 
	   energy              2.945461e+00    9.509934e-08    2.945461e-02 
	   displacement        1.625573e-02    1.625573e-02    1.625573e-08 
 2
 Nonlinear solution status: time= 4.6
	stiffness updates             = 1
	right hand side evaluations   = 3
	stiffness matrix reformations = 1
	step from line search         = 1.000000
	convergence norms :     INITIAL         CURRENT         REQUIRED
	   residual            1.153194e+03    2.373788e-13    0.000000e+00 
	   energy              2.945461e+00    5.976987e-13    2.945461e-02 
	   displacement        1.625573e-02    1.123498e-11    1.625573e-08 

convergence summary
    number of iterations   : 2
    number of reformations : 1

------- converged at time : 4.6


===== beginning time step 47 : 4.7 =====


Reforming stiffness matrix: reformation #1

 1
 Nonlinear solution status: time= 4.7
	stiffness updates             = 0
	right hand side evaluations   = 2
	stiffness matrix reformations = 1
	step from line search         = 1.000000
	convergence norms :     INITIAL         CURRENT         REQUIRED
	   residual            1.393058e+03    7.903382e-07    0.000000e+00 
	   energy              3.405282e+00    2.434364e-06    3.405282e-02 
	   displacement        1.747566e-02    1.747566e-02    1.747566e-08 
 2
 Nonlinear solution status: time= 4.7
	stiffness updates             = 1
	right hand side evaluations   = 3
	stiffness matrix reformations = 1
	step from line search         = 1.000000
	convergence norms :     INITIAL         CURRENT         REQUIRED
	   residual            1.393058e+03    6.545922e-13    0.000000e+00 
	   energy              3.405282e+00    1.233933e-12    3.405282e-02 
	   displacement        1.747566e-02    2.090505e-11    1.747578e-08 

convergence summary
    number of iterations   : 2
    number of reformations : 1

------- converged at time : 4.7


===== beginning time step 48 : 4.8 =====


Reforming stiffness matrix: reformation #1

 1
 Nonlinear solution status: time= 4.8
	stiffness updates             = 0
	right hand side evaluations   = 2
	stiffness matrix reformations = 1
	step from line search         = 1.000000
	convergence norms :     INITIAL         CURRENT         REQUIRED
	   residual            1.610403e+03    1.317977e-06    0.000000e+00 
	   energy              3.860959e+00    2.975930e-06    3.860959e-02 
	   displacement        1.912763e-02    1.912763e-02    1.912763e-08 
 2
 Nonlinear solution status: time= 4.8
	stiffness updates             = 1
	right hand side evaluations   = 3
	stiffness matrix reformations = 1
	step from line search         = 1.000000
	convergence norms :     INITIAL         CURRENT         REQUIRED
	   residual            1.610403e+03    1.021561e-12    0.000000e+00 
	   energy              3.860959e+00    1.801261e-12    3.860959e-02 
	   displacement        1.912763e-02    3.124697e-11    1.912779e-08 

convergence summary
    number of iterations   : 2
    number of reformations : 1

------- converged at time : 4.8


===== beginning time step 49 : 4.9 =====


Reforming stiffness matrix: reformation #1

 1
 Nonlinear solution status: time= 4.9
	stiffness updates             = 0
	right hand side evaluations   = 2
	stiffness matrix reformations = 1
	step from line search         = 1.000000
	convergence norms :     INITIAL         CURRENT         REQUIRED
	   residual            1.777059e+03    2.035690e-06    0.000000e+00 
	   energy              4.250222e+00    1.193911e-06    4.250222e-02 
	   displacement        2.085920e-02    2.085920e-02    2.085920e-08 
 2
 Nonlinear solution status: time= 4.9
	stiffness updates             = 1
	right hand side evaluations   = 3
	stiffness matrix reformations = 1
	step from line search         = 1.000000
	convergence norms :     INITIAL         CURRENT         REQUIRED
	   residual            1.777059e+03    1.525063e-12    0.000000e+00 
	   energy              4.250222e+00    2.472613e-12    4.250222e-02 
	   displacement        2.085920e-02    4.430031e-11    2.085937e-08 

convergence summary
    number of iterations   : 2
    number of reformations : 1

------- converged at time : 4.9


===== beginning time step 50 : 5 =====


Reforming stiffness matrix: reformation #1

 1
 Nonlinear solution status: time= 5
	stiffness updates             = 0
	right hand side evaluations   = 2
	stiffness matrix reformations = 1
	step from line search         = 1.000000
	convergence norms :     INITIAL         CURRENT         REQUIRED
	   residual            1.874824e+03    2.489582e-06    0.000000e+00 
	   energy              4.508450e+00    5.616013e-06    4.508450e-02 
	   displacement        2.217261e-02    2.217261e-02    2.217261e-08 
 2
 Nonlinear solution status: time= 5
	stiffness updates             = 1
	right hand side evaluations   = 3
	stiffness matrix reformations = 1
	step from line search         = 1.000000
	convergence norms :     INITIAL         CURRENT         REQUIRED
	   residual            1.874824e+03    2.046785e-12    0.000000e+00 
	   energy              4.508450e+00    3.062962e-12    4.508450e-02 
	   displacement        2.217261e-02    5.765576e-11    2.217281e-08 

convergence summary
    number of iterations   : 2
    number of reformations : 1

------- converged at time : 5



 N O N L I N E A R   I T E R A T I O N   I N F O R M A T I O N

	Number of time steps completed .................... : 50

	Total number of equilibrium iterations ............ : 112

	Average number of equilibrium iterations .......... : 2.24

	Total number of right hand evaluations ............ : 162

	Total number of stiffness reformations ............ : 50


 L I N E A R   S O L V E R   S T A T S

	Total calls to linear solver ........ : 112

	Avg iterations per solve ............ : 1

	Time in linear solver: 0:00:00


 Elapsed time : 0:00:01

 T I M I N G   I N F O R M A T I O N

	Input time ...................... : 0:00:00 (0.0112931 sec)

	Initialization time ............. : 0:00:00 (0.00164208 sec)

	Solve time ...................... : 0:00:01 (0.980297 sec)

	   IO-time (plot, dmp, data) .... : 0:00:01 (0.514006 sec)

	   reforming stiffness .......... : 0:00:00 (0.00291752 sec)

	   evaluating stiffness ......... : 0:00:00 (0.083638 sec)

	   evaluating residual .......... : 0:00:00 (0.0460269 sec)

	   model update ................. : 0:00:00 (0.0280705 sec)

	   QN updates ................... : 0:00:00 (0.00060598 sec)

	   time in linear solver ........ : 0:00:00 (0.292077 sec)

	Total elapsed time .............. : 0:00:01 (1.00091 sec)


 N O R M A L   T E R M I N A T I O N

